******************************************************************************
                  TI ARM Linker PC v18.1.3                     
******************************************************************************
>> Linked Mon Nov 12 09:07:47 2018

OUTPUT FILE NAME:   <Lab.10.out>
ENTRY POINT SYMBOL: "_c_int00_noargs"  address: 00002b91


MEMORY CONFIGURATION

         name            origin    length      used     unused   attr    fill
----------------------  --------  ---------  --------  --------  ----  --------
  MAIN                  00000000   00040000  0000306d  0003cf93  R  X
  INFO                  00200000   00004000  00000000  00004000  R  X
  SRAM_CODE             01000000   00010000  00000a20  0000f5e0  RW X
  SRAM_DATA             20000000   00010000  00000a20  0000f5e0  RW  


SEGMENT ALLOCATION MAP

run origin  load origin   length   init length attrs members
----------  ----------- ---------- ----------- ----- -------
00000000    00000000    00003070   00003070    r-x
  00000000    00000000    000000e4   000000e4    r-- .intvecs
  000000e4    000000e4    00002dc0   00002dc0    r-x .text
  00002ea4    00002ea4    00000101   00000101    r-- .const
  00002fa8    00002fa8    000000c8   000000c8    r-- .cinit
20000000    20000000    00000820   00000000    rw-
  20000000    20000000    00000400   00000000    rw- .sysmem
  20000400    20000400    0000022c   00000000    rw- .data
  2000062c    2000062c    000001f4   00000000    rw- .bss
2000fe00    2000fe00    00000200   00000000    rw-
  2000fe00    2000fe00    00000200   00000000    rw- .stack


SECTION ALLOCATION MAP

 output                                  attributes/
section   page    origin      length       input sections
--------  ----  ----------  ----------   ----------------
.intvecs   0    00000000    000000e4     
                  00000000    000000e4     startup_msp432p401r_ccs.obj (.intvecs:retain)

.text      0    000000e4    00002dc0     
                  000000e4    00000a5e     rtsv7M4_T_le_v4SPD16_eabi.lib : _printfi.c.obj (.text:__TI_printfi)
                  00000b42    00000002                                   : _lock.c.obj (.text:_nop)
                  00000b44    00000334     system_msp432p401r.obj (.text)
                  00000e78    00000270     rtsv7M4_T_le_v4SPD16_eabi.lib : _printfi.c.obj (.text:_pconv_a)
                  000010e8    000001d0                                   : _printfi.c.obj (.text:_pconv_g)
                  000012b8    000001b6                                   : fd_add_t2.asm.obj (.text)
                  0000146e    00000002                                   : div0.asm.obj (.text)
                  00001470    00000144     main.obj (.text)
                  000015b4    0000013c     rtsv7M4_T_le_v4SPD16_eabi.lib : _printfi.c.obj (.text:_pconv_e)
                  000016f0    00000136                                   : fd_div_t2.asm.obj (.text)
                  00001826    00000002     --HOLE-- [fill = 0]
                  00001828    00000120                                   : _printfi.c.obj (.text:fcvt)
                  00001948    00000114                                   : fputs.c.obj (.text:fputs)
                  00001a5c    00000110                                   : s_scalbn.c.obj (.text:scalbn)
                  00001b6c    000000fc                                   : fd_mul_t2.asm.obj (.text)
                  00001c68    000000dc                                   : setvbuf.c.obj (.text:setvbuf)
                  00001d44    000000d8                                   : memory.c.obj (.text:free)
                  00001e1c    000000b1                                   : _printfi.c.obj (.text:_ltostr)
                  00001ecd    00000001     --HOLE-- [fill = 0]
                  00001ece    0000009c                                   : memcpy_t2.asm.obj (.text)
                  00001f6a    00000096                                   : ull_div_t2.asm.obj (.text)
                  00002000    0000008c                                   : fputc.c.obj (.text:fputc)
                  0000208c    00000086                                   : fd_cmp_t2.asm.obj (.text:__aeabi_cdcmple)
                  00002112    00000086                                   : fd_cmp_t2.asm.obj (.text:__aeabi_cdrcmple)
                  00002198    0000007a                                   : memset_t2.asm.obj (.text)
                  00002212    00000002     --HOLE-- [fill = 0]
                  00002214    00000078                                   : memory.c.obj (.text:malloc)
                  0000228c    00000074                                   : fclose.c.obj (.text:__TI_closefile)
                  00002300    0000006e                                   : _printfi.c.obj (.text:_mcpy)
                  0000236e    00000002     --HOLE-- [fill = 0]
                  00002370    00000068                                   : hostlseek.c.obj (.text:HOSTlseek)
                  000023d8    00000068                                   : hostrename.c.obj (.text:HOSTrename)
                  00002440    00000068                                   : copy_decompress_lzss.c.obj (.text:decompress:lzss:__TI_decompress_lzss)
                  000024a8    00000068                                   : printf.c.obj (.text:printf)
                  00002510    00000064                                   : s_frexp.c.obj (.text:frexp)
                  00002574    00000064                                   : fseek.c.obj (.text:fseek)
                  000025d8    00000062                                   : _io_perm.c.obj (.text:__TI_wrt_ok)
                  0000263a    00000002     --HOLE-- [fill = 0]
                  0000263c    00000060                                   : hostopen.c.obj (.text:HOSTopen)
                  0000269c    0000005c                                   : close.c.obj (.text:close)
                  000026f8    00000058                                   : hostread.c.obj (.text:HOSTread)
                  00002750    00000058                                   : hostwrite.c.obj (.text:HOSTwrite)
                  000027a8    00000056                                   : _printfi.c.obj (.text:_pconv_f)
                  000027fe    00000054                                   : ltoa.c.obj (.text:ltoa)
                  00002852    00000052                                   : _printfi.c.obj (.text:_ecpy)
                  000028a4    0000004c                                   : fflush.c.obj (.text:__TI_doflush)
                  000028f0    0000004c                                   : atoi.c.obj (.text:atoi)
                  0000293c    00000048                                   : exit.c.obj (.text:exit)
                  00002984    00000048                                   : fd_toi_t2.asm.obj (.text)
                  000029cc    00000044                                   : hostclose.c.obj (.text:HOSTclose)
                  00002a10    00000044                                   : hostunlink.c.obj (.text:HOSTunlink)
                  00002a54    00000044                                   : autoinit.c.obj (.text:__TI_auto_init_nobinit_nopinit:__TI_auto_init_nobinit_nopinit)
                  00002a98    00000044                                   : getdevice.c.obj (.text:getdevice)
                  00002adc    0000003e                                   : _printfi.c.obj (.text:_fcpy)
                  00002b1a    00000002     --HOLE-- [fill = 0]
                  00002b1c    0000003c                                   : memory.c.obj (.text:minsert)
                  00002b58    00000038                                   : trgmsg.c.obj (.text:__TI_writemsg)
                  00002b90    00000038                                   : boot_cortex_m.c.obj (.text:_c_int00_noargs:_c_int00_noargs)
                  00002bc8    00000038                                   : memory.c.obj (.text:minit)
                  00002c00    00000036                                   : strncpy.c.obj (.text:strncpy)
                  00002c36    00000002     --HOLE-- [fill = 0]
                  00002c38    00000034                                   : fopen.c.obj (.text:__TI_cleanup)
                  00002c6c    00000034                                   : trgmsg.c.obj (.text:__TI_readmsg)
                  00002ca0    00000030                                   : getdevice.c.obj (.text:finddevice)
                  00002cd0    0000002e                                   : i_tofd_t2.asm.obj (.text)
                  00002cfe    00000002     --HOLE-- [fill = 0]
                  00002d00    0000002c                                   : unlink.c.obj (.text:unlink)
                  00002d2c    00000028                                   : lseek.c.obj (.text:lseek)
                  00002d54    00000028                                   : memory.c.obj (.text:mremove)
                  00002d7c    00000028                                   : write.c.obj (.text:write)
                  00002da4    00000020                                   : memchr.c.obj (.text:memchr)
                  00002dc4    0000001c                                   : memccpy.c.obj (.text:memccpy)
                  00002de0    00000018                                   : strcmp.c.obj (.text:strcmp)
                  00002df8    00000016                                   : strchr.c.obj (.text:strchr)
                  00002e0e    00000014                                   : s_copysign.c.obj (.text:copysign)
                  00002e22    00000014                                   : strcpy.c.obj (.text:strcpy)
                  00002e36    00000014                                   : strlen.c.obj (.text:strlen)
                  00002e4a    00000012                                   : copy_zero_init.c.obj (.text:decompress:ZI:__TI_zero_init_nomemset:__TI_zero_init_nomemset)
                  00002e5c    00000012                                   : wcslen.c.obj (.text:wcslen)
                  00002e6e    0000000e                                   : copy_decompress_none.c.obj (.text:decompress:none:__TI_decompress_none)
                  00002e7c    0000000e     startup_msp432p401r_ccs.obj (.text)
                  00002e8a    00000002     --HOLE-- [fill = 0]
                  00002e8c    00000008     rtsv7M4_T_le_v4SPD16_eabi.lib : errno.c.obj (.text:__aeabi_errno_addr)
                  00002e94    00000004                                   : printf.c.obj (.text:_outc)
                  00002e98    00000004                                   : printf.c.obj (.text:_outs)
                  00002e9c    00000004                                   : pre_init.c.obj (.text:_system_pre_init)
                  00002ea0    00000004                                   : exit.c.obj (.text:abort:abort)

.const     0    00002ea4    00000101     
                  00002ea4    00000101     rtsv7M4_T_le_v4SPD16_eabi.lib : ctype.c.obj (.const:.string:_ctypes_)

.cinit     0    00002fa8    000000c8     
                  00002fa8    0000009d     (.cinit..data.load) [load image, compression = lzss]
                  00003045    00000003     --HOLE-- [fill = 0]
                  00003048    0000000c     (__TI_handler_table)
                  00003054    00000004     --HOLE-- [fill = 0]
                  00003058    00000008     (.cinit..bss.load) [load image, compression = zero_init]
                  00003060    00000010     (__TI_cinit_table)

.init_array 
*          0    00000000    00000000     UNINITIALIZED

.binit     0    00000000    00000000     

.sysmem    0    20000000    00000400     UNINITIALIZED
                  20000000    00000008     rtsv7M4_T_le_v4SPD16_eabi.lib : memory.c.obj (.sysmem)
                  20000008    000003f8     --HOLE--

.data      0    20000400    0000022c     UNINITIALIZED
                  20000400    000000f0     rtsv7M4_T_le_v4SPD16_eabi.lib : defs.c.obj (.data:_ftable)
                  200004f0    00000078                                   : write.c.obj (.data:_device)
                  20000568    00000050                                   : write.c.obj (.data:_stream)
                  200005b8    0000003c     main.obj (.data)
                  200005f4    00000010     rtsv7M4_T_le_v4SPD16_eabi.lib : defs.c.obj (.data)
                  20000604    0000000c                                   : exit.c.obj (.data:$O1$$)
                  20000610    0000000c                                   : memory.c.obj (.data:$O1$$)
                  2000061c    00000008                                   : _lock.c.obj (.data:$O1$$)
                  20000624    00000004                                   : errno.c.obj (.data)
                  20000628    00000004     system_msp432p401r.obj (.data)

.bss       0    2000062c    000001f4     UNINITIALIZED
                  2000062c    00000120     rtsv7M4_T_le_v4SPD16_eabi.lib : trgmsg.c.obj (.bss:_CIOBUF_)
                  2000074c    000000a0     (.common:__TI_tmpnams)
                  200007ec    00000028     (.common:adc)
                  20000814    00000008     (.common:parmbuf)
                  2000081c    00000004     (.common:i)

.stack     0    2000fe00    00000200     UNINITIALIZED
                  2000fe00    00000004     rtsv7M4_T_le_v4SPD16_eabi.lib : boot_cortex_m.c.obj (.stack)
                  2000fe04    000001fc     --HOLE--

MODULE SUMMARY

       Module                        code    ro data   rw data
       ------                        ----    -------   -------
    .\
       system_msp432p401r.obj        820     0         8      
       main.obj                      324     0         208    
       startup_msp432p401r_ccs.obj   14      228       0      
    +--+-----------------------------+-------+---------+---------+
       Total:                        1158    228       216    
                                                              
    C:\ti\ccsv8\tools\compiler\ti-cgt-arm_18.1.3.LTS\lib\rtsv7M4_T_le_v4SPD16_eabi.lib
       _printfi.c.obj                4863    0         0      
       defs.c.obj                    0       0         832    
       trgmsg.c.obj                  108     0         576    
       memory.c.obj                  492     0         24     
       write.c.obj                   40      0         400    
       fd_add_t2.asm.obj             438     0         0      
       fd_div_t2.asm.obj             310     0         0      
       fputs.c.obj                   276     0         0      
       s_scalbn.c.obj                272     0         0      
       fd_cmp_t2.asm.obj             268     0         0      
       ctype.c.obj                   0       257       0      
       fd_mul_t2.asm.obj             252     0         0      
       setvbuf.c.obj                 220     0         0      
       memcpy_t2.asm.obj             156     0         0      
       ull_div_t2.asm.obj            150     0         0      
       fputc.c.obj                   140     0         0      
       memset_t2.asm.obj             122     0         0      
       fclose.c.obj                  116     0         0      
       getdevice.c.obj               116     0         0      
       hostopen.c.obj                96      0         16     
       printf.c.obj                  112     0         0      
       copy_decompress_lzss.c.obj    104     0         0      
       hostlseek.c.obj               104     0         0      
       hostrename.c.obj              104     0         0      
       exit.c.obj                    76      0         24     
       fseek.c.obj                   100     0         0      
       s_frexp.c.obj                 100     0         0      
       _io_perm.c.obj                98      0         0      
       close.c.obj                   92      0         0      
       hostread.c.obj                88      0         0      
       hostwrite.c.obj               88      0         0      
       ltoa.c.obj                    84      0         0      
       atoi.c.obj                    76      0         0      
       fflush.c.obj                  76      0         0      
       fd_toi_t2.asm.obj             72      0         0      
       autoinit.c.obj                68      0         0      
       hostclose.c.obj               68      0         0      
       hostunlink.c.obj              68      0         0      
       boot_cortex_m.c.obj           56      0         0      
       strncpy.c.obj                 54      0         0      
       fopen.c.obj                   52      0         0      
       i_tofd_t2.asm.obj             46      0         0      
       unlink.c.obj                  44      0         0      
       lseek.c.obj                   40      0         0      
       memchr.c.obj                  32      0         0      
       memccpy.c.obj                 28      0         0      
       strcmp.c.obj                  24      0         0      
       strchr.c.obj                  22      0         0      
       s_copysign.c.obj              20      0         0      
       strcpy.c.obj                  20      0         0      
       strlen.c.obj                  20      0         0      
       _lock.c.obj                   2       0         16     
       copy_zero_init.c.obj          18      0         0      
       wcslen.c.obj                  18      0         0      
       errno.c.obj                   8       0         8      
       copy_decompress_none.c.obj    14      0         0      
       pre_init.c.obj                4       0         0      
       div0.asm.obj                  2       0         0      
    +--+-----------------------------+-------+---------+---------+
       Total:                        10537   257       1896   
                                                              
       Heap:                         0       0         2048   
       Stack:                        0       0         1024   
       Linker Generated:             0       193       0      
    +--+-----------------------------+-------+---------+---------+
       Grand Total:                  11695   678       5184   


LINKER GENERATED COPY TABLES

__TI_cinit_table @ 00003060 records: 2, size/record: 8, table size: 16
	.data: load addr=00002fa8, load size=0000009d bytes, run addr=20000400, run size=0000022c bytes, compression=lzss
	.bss: load addr=00003058, load size=00000008 bytes, run addr=2000062c, run size=000001f4 bytes, compression=zero_init


LINKER GENERATED HANDLER TABLE

__TI_handler_table @ 00003048 records: 3, size/record: 4, table size: 12
	index: 0, handler: __TI_decompress_lzss
	index: 1, handler: __TI_decompress_none
	index: 2, handler: __TI_zero_init


GLOBAL SYMBOLS: SORTED ALPHABETICALLY BY Name 

address   name                             
-------   ----                             
00002e89  ADC14_IRQHandler                 
00002e89  AES256_IRQHandler                
00002e89  BusFault_Handler                 
00002ea1  C$$EXIT                          
00002b87  C$$IO$$                          
00002e89  COMP_E0_IRQHandler               
00002e89  COMP_E1_IRQHandler               
00002e89  CS_IRQHandler                    
00002e89  DMA_ERR_IRQHandler               
00002e89  DMA_INT0_IRQHandler              
00002e89  DMA_INT1_IRQHandler              
00002e89  DMA_INT2_IRQHandler              
00002e89  DMA_INT3_IRQHandler              
00002e89  DebugMon_Handler                 
00002e89  Default_Handler                  
00002e89  EUSCIA0_IRQHandler               
00002e89  EUSCIA1_IRQHandler               
00002e89  EUSCIA2_IRQHandler               
00002e89  EUSCIA3_IRQHandler               
00002e89  EUSCIB0_IRQHandler               
00002e89  EUSCIB1_IRQHandler               
00002e89  EUSCIB2_IRQHandler               
00002e89  EUSCIB3_IRQHandler               
00002e89  FLCTL_IRQHandler                 
00002e89  FPU_IRQHandler                   
000029cd  HOSTclose                        
00002371  HOSTlseek                        
0000263d  HOSTopen                         
000026f9  HOSTread                         
000023d9  HOSTrename                       
00002a11  HOSTunlink                       
00002751  HOSTwrite                        
00002e89  HardFault_Handler                
00002e89  MemManage_Handler                
00002e89  NMI_Handler                      
00002e89  PCM_IRQHandler                   
00002e89  PORT1_IRQHandler                 
00002e89  PORT2_IRQHandler                 
00002e89  PORT3_IRQHandler                 
00002e89  PORT4_IRQHandler                 
00002e89  PORT5_IRQHandler                 
00002e89  PORT6_IRQHandler                 
00002e89  PSS_IRQHandler                   
00002e89  PendSV_Handler                   
00002e89  RTC_C_IRQHandler                 
00002e7d  Reset_Handler                    
00002e89  SVC_Handler                      
00002e89  SysTick_Handler                  
20000628  SystemCoreClock                  
00000b45  SystemCoreClockUpdate            
00000dbd  SystemInit                       
00002e89  T32_INT1_IRQHandler              
00002e89  T32_INT2_IRQHandler              
00002e89  T32_INTC_IRQHandler              
00002e89  TA0_0_IRQHandler                 
00002e89  TA0_N_IRQHandler                 
00002e89  TA1_0_IRQHandler                 
00002e89  TA1_N_IRQHandler                 
00002e89  TA2_0_IRQHandler                 
00002e89  TA2_N_IRQHandler                 
00002e89  TA3_0_IRQHandler                 
00002e89  TA3_N_IRQHandler                 
00002e89  UsageFault_Handler               
4000480c  WDTCTL_SYM                       
00002e89  WDT_A_IRQHandler                 
2000062c  __CIOBUF_                        
20010000  __STACK_END                      
00000200  __STACK_SIZE                     
00000400  __SYSMEM_SIZE                    
00003060  __TI_CINIT_Base                  
00003070  __TI_CINIT_Limit                 
00003048  __TI_Handler_Table_Base          
00003054  __TI_Handler_Table_Limit         
00002a55  __TI_auto_init_nobinit_nopinit   
00002c39  __TI_cleanup                     
20000604  __TI_cleanup_ptr                 
0000228d  __TI_closefile                   
00002441  __TI_decompress_lzss             
00002e6f  __TI_decompress_none             
000028a5  __TI_doflush                     
20000608  __TI_dtors_ptr                   
2000060c  __TI_enable_exit_profile_output  
200005f4  __TI_ft_end                      
ffffffff  __TI_pprof_out_hndl              
000000e5  __TI_printfi                     
ffffffff  __TI_prof_data_size              
ffffffff  __TI_prof_data_start             
00002c6d  __TI_readmsg                     
00000000  __TI_static_base__               
2000074c  __TI_tmpnams                     
00002b59  __TI_writemsg                    
000025d9  __TI_wrt_ok                      
00002e4b  __TI_zero_init_nomemset          
0000208d  __aeabi_cdcmpeq                  
0000208d  __aeabi_cdcmple                  
00002113  __aeabi_cdrcmple                 
00002985  __aeabi_d2iz                     
000012c3  __aeabi_dadd                     
000016f1  __aeabi_ddiv                     
00001b6d  __aeabi_dmul                     
000012b9  __aeabi_dsub                     
00002e8d  __aeabi_errno_addr               
00002cd1  __aeabi_i2d                      
0000146f  __aeabi_idiv0                    
0000146f  __aeabi_ldiv0                    
00002199  __aeabi_memclr                   
00002199  __aeabi_memclr4                  
00002199  __aeabi_memclr8                  
00001ecf  __aeabi_memcpy                   
00001ecf  __aeabi_memcpy4                  
00001ecf  __aeabi_memcpy8                  
0000219b  __aeabi_memset                   
0000219b  __aeabi_memset4                  
0000219b  __aeabi_memset8                  
20000600  __aeabi_stderr                   
200005f8  __aeabi_stdin                    
200005fc  __aeabi_stdout                   
00001f6b  __aeabi_uldivmod                 
ffffffff  __binit__                        
ffffffff  __c_args__                       
UNDEFED   __mpu_init                       
2000fe00  __stack                          
00002b91  _c_int00_noargs                  
00002ea4  _ctypes_                         
200004f0  _device                          
20000400  _ftable                          
2000061c  _lock                            
00000b43  _nop                             
20000568  _stream                          
20000000  _sys_memory                      
UNDEFED   _system_post_cinit               
00002e9d  _system_pre_init                 
20000620  _unlock                          
00002ea1  abort                            
200007ec  adc                              
200005b8  adc14_control_register_0         
200005bc  adc14_control_register_1         
200005cc  adc14_interrupt_enable_0_register
200005d0  adc14_interrupt_enable_1_register
200005c8  adc14_interrupt_flag_0_register  
200005c0  adc14_memory_control_register_0  
200005c4  adc14_memory_register_0          
000028f1  atoi                             
ffffffff  binit                            
0000269d  close                            
00002e0f  copysign                         
00002e0f  copysignl                        
200005e8  count1                           
200005ec  count2                           
20000624  errno                            
0000293d  exit                             
00002ca1  finddevice                       
00002001  fputc                            
00001949  fputs                            
00001d45  free                             
00002511  frexp                            
00002511  frexpl                           
00002575  fseek                            
00002a99  getdevice                        
2000081c  i                                
00000000  interruptVectors                 
00001a5d  ldexp                            
00001a5d  ldexpl                           
00002d2d  lseek                            
000027ff  ltoa                             
00001471  main                             
00002215  malloc                           
00002dc5  memccpy                          
00002da5  memchr                           
00001ecf  memcpy                           
000021a1  memset                           
00002bc9  minit                            
200005f0  numAdc                           
20000814  parmbuf                          
200005d4  period                           
000024a9  printf                           
00002001  putc                             
00002d01  remove                           
00001a5d  scalbn                           
00001a5d  scalbnl                          
00001c69  setvbuf                          
00002df9  strchr                           
00002de1  strcmp                           
00002e23  strcpy                           
00002e37  strlen                           
00002c01  strncpy                          
200005e4  systick_calibration_reg          
200005d8  systick_control_reg              
200005e0  systick_current_value_reg        
200005dc  systick_reload_value_reg         
00002d01  unlink                           
00002e5d  wcslen                           
00002d7d  write                            


GLOBAL SYMBOLS: SORTED BY Symbol Address 

address   name                             
-------   ----                             
00000000  __TI_static_base__               
00000000  interruptVectors                 
000000e5  __TI_printfi                     
00000200  __STACK_SIZE                     
00000400  __SYSMEM_SIZE                    
00000b43  _nop                             
00000b45  SystemCoreClockUpdate            
00000dbd  SystemInit                       
000012b9  __aeabi_dsub                     
000012c3  __aeabi_dadd                     
0000146f  __aeabi_idiv0                    
0000146f  __aeabi_ldiv0                    
00001471  main                             
000016f1  __aeabi_ddiv                     
00001949  fputs                            
00001a5d  ldexp                            
00001a5d  ldexpl                           
00001a5d  scalbn                           
00001a5d  scalbnl                          
00001b6d  __aeabi_dmul                     
00001c69  setvbuf                          
00001d45  free                             
00001ecf  __aeabi_memcpy                   
00001ecf  __aeabi_memcpy4                  
00001ecf  __aeabi_memcpy8                  
00001ecf  memcpy                           
00001f6b  __aeabi_uldivmod                 
00002001  fputc                            
00002001  putc                             
0000208d  __aeabi_cdcmpeq                  
0000208d  __aeabi_cdcmple                  
00002113  __aeabi_cdrcmple                 
00002199  __aeabi_memclr                   
00002199  __aeabi_memclr4                  
00002199  __aeabi_memclr8                  
0000219b  __aeabi_memset                   
0000219b  __aeabi_memset4                  
0000219b  __aeabi_memset8                  
000021a1  memset                           
00002215  malloc                           
0000228d  __TI_closefile                   
00002371  HOSTlseek                        
000023d9  HOSTrename                       
00002441  __TI_decompress_lzss             
000024a9  printf                           
00002511  frexp                            
00002511  frexpl                           
00002575  fseek                            
000025d9  __TI_wrt_ok                      
0000263d  HOSTopen                         
0000269d  close                            
000026f9  HOSTread                         
00002751  HOSTwrite                        
000027ff  ltoa                             
000028a5  __TI_doflush                     
000028f1  atoi                             
0000293d  exit                             
00002985  __aeabi_d2iz                     
000029cd  HOSTclose                        
00002a11  HOSTunlink                       
00002a55  __TI_auto_init_nobinit_nopinit   
00002a99  getdevice                        
00002b59  __TI_writemsg                    
00002b87  C$$IO$$                          
00002b91  _c_int00_noargs                  
00002bc9  minit                            
00002c01  strncpy                          
00002c39  __TI_cleanup                     
00002c6d  __TI_readmsg                     
00002ca1  finddevice                       
00002cd1  __aeabi_i2d                      
00002d01  remove                           
00002d01  unlink                           
00002d2d  lseek                            
00002d7d  write                            
00002da5  memchr                           
00002dc5  memccpy                          
00002de1  strcmp                           
00002df9  strchr                           
00002e0f  copysign                         
00002e0f  copysignl                        
00002e23  strcpy                           
00002e37  strlen                           
00002e4b  __TI_zero_init_nomemset          
00002e5d  wcslen                           
00002e6f  __TI_decompress_none             
00002e7d  Reset_Handler                    
00002e89  ADC14_IRQHandler                 
00002e89  AES256_IRQHandler                
00002e89  BusFault_Handler                 
00002e89  COMP_E0_IRQHandler               
00002e89  COMP_E1_IRQHandler               
00002e89  CS_IRQHandler                    
00002e89  DMA_ERR_IRQHandler               
00002e89  DMA_INT0_IRQHandler              
00002e89  DMA_INT1_IRQHandler              
00002e89  DMA_INT2_IRQHandler              
00002e89  DMA_INT3_IRQHandler              
00002e89  DebugMon_Handler                 
00002e89  Default_Handler                  
00002e89  EUSCIA0_IRQHandler               
00002e89  EUSCIA1_IRQHandler               
00002e89  EUSCIA2_IRQHandler               
00002e89  EUSCIA3_IRQHandler               
00002e89  EUSCIB0_IRQHandler               
00002e89  EUSCIB1_IRQHandler               
00002e89  EUSCIB2_IRQHandler               
00002e89  EUSCIB3_IRQHandler               
00002e89  FLCTL_IRQHandler                 
00002e89  FPU_IRQHandler                   
00002e89  HardFault_Handler                
00002e89  MemManage_Handler                
00002e89  NMI_Handler                      
00002e89  PCM_IRQHandler                   
00002e89  PORT1_IRQHandler                 
00002e89  PORT2_IRQHandler                 
00002e89  PORT3_IRQHandler                 
00002e89  PORT4_IRQHandler                 
00002e89  PORT5_IRQHandler                 
00002e89  PORT6_IRQHandler                 
00002e89  PSS_IRQHandler                   
00002e89  PendSV_Handler                   
00002e89  RTC_C_IRQHandler                 
00002e89  SVC_Handler                      
00002e89  SysTick_Handler                  
00002e89  T32_INT1_IRQHandler              
00002e89  T32_INT2_IRQHandler              
00002e89  T32_INTC_IRQHandler              
00002e89  TA0_0_IRQHandler                 
00002e89  TA0_N_IRQHandler                 
00002e89  TA1_0_IRQHandler                 
00002e89  TA1_N_IRQHandler                 
00002e89  TA2_0_IRQHandler                 
00002e89  TA2_N_IRQHandler                 
00002e89  TA3_0_IRQHandler                 
00002e89  TA3_N_IRQHandler                 
00002e89  UsageFault_Handler               
00002e89  WDT_A_IRQHandler                 
00002e8d  __aeabi_errno_addr               
00002e9d  _system_pre_init                 
00002ea1  C$$EXIT                          
00002ea1  abort                            
00002ea4  _ctypes_                         
00003048  __TI_Handler_Table_Base          
00003054  __TI_Handler_Table_Limit         
00003060  __TI_CINIT_Base                  
00003070  __TI_CINIT_Limit                 
20000000  _sys_memory                      
20000400  _ftable                          
200004f0  _device                          
20000568  _stream                          
200005b8  adc14_control_register_0         
200005bc  adc14_control_register_1         
200005c0  adc14_memory_control_register_0  
200005c4  adc14_memory_register_0          
200005c8  adc14_interrupt_flag_0_register  
200005cc  adc14_interrupt_enable_0_register
200005d0  adc14_interrupt_enable_1_register
200005d4  period                           
200005d8  systick_control_reg              
200005dc  systick_reload_value_reg         
200005e0  systick_current_value_reg        
200005e4  systick_calibration_reg          
200005e8  count1                           
200005ec  count2                           
200005f0  numAdc                           
200005f4  __TI_ft_end                      
200005f8  __aeabi_stdin                    
200005fc  __aeabi_stdout                   
20000600  __aeabi_stderr                   
20000604  __TI_cleanup_ptr                 
20000608  __TI_dtors_ptr                   
2000060c  __TI_enable_exit_profile_output  
2000061c  _lock                            
20000620  _unlock                          
20000624  errno                            
20000628  SystemCoreClock                  
2000062c  __CIOBUF_                        
2000074c  __TI_tmpnams                     
200007ec  adc                              
20000814  parmbuf                          
2000081c  i                                
2000fe00  __stack                          
20010000  __STACK_END                      
4000480c  WDTCTL_SYM                       
ffffffff  __TI_pprof_out_hndl              
ffffffff  __TI_prof_data_size              
ffffffff  __TI_prof_data_start             
ffffffff  __binit__                        
ffffffff  __c_args__                       
ffffffff  binit                            
UNDEFED   __mpu_init                       
UNDEFED   _system_post_cinit               

[193 symbols]
