******************************************************************************
                  TI ARM Linker PC v18.1.3                     
******************************************************************************
>> Linked Mon Nov 12 12:06:58 2018

OUTPUT FILE NAME:   <Lab.10.out>
ENTRY POINT SYMBOL: "_c_int00_noargs"  address: 00003809


MEMORY CONFIGURATION

         name            origin    length      used     unused   attr    fill
----------------------  --------  ---------  --------  --------  ----  --------
  MAIN                  00000000   00040000  00003d6c  0003c294  R  X
  INFO                  00200000   00004000  00000000  00004000  R  X
  SRAM_CODE             01000000   00010000  00000a20  0000f5e0  RW X
  SRAM_DATA             20000000   00010000  00000a20  0000f5e0  RW  


SEGMENT ALLOCATION MAP

run origin  load origin   length   init length attrs members
----------  ----------- ---------- ----------- ----- -------
00000000    00000000    00003d70   00003d70    r-x
  00000000    00000000    000000e4   000000e4    r-- .intvecs
  000000e4    000000e4    00003a90   00003a90    r-x .text
  00003b78    00003b78    00000138   00000138    r-- .const
  00003cb0    00003cb0    000000c0   000000c0    r-- .cinit
20000000    20000000    00000820   00000000    rw-
  20000000    20000000    00000400   00000000    rw- .sysmem
  20000400    20000400    0000022c   00000000    rw- .data
  2000062c    2000062c    000001f4   00000000    rw- .bss
2000fe00    2000fe00    00000200   00000000    rw-
  2000fe00    2000fe00    00000200   00000000    rw- .stack


SECTION ALLOCATION MAP

 output                                  attributes/
section   page    origin      length       input sections
--------  ----  ----------  ----------   ----------------
.intvecs   0    00000000    000000e4     
                  00000000    000000e4     startup_msp432p401r_ccs.obj (.intvecs:retain)

.text      0    000000e4    00003a90     
                  000000e4    00000a5e     rtsv7M4_T_le_v4SPD16_eabi.lib : _printfi.c.obj (.text:__TI_printfi)
                  00000b42    00000002                                   : _lock.c.obj (.text:_nop)
                  00000b44    000009c0                                   : e_pow.c.obj (.text:pow)
                  00001504    00000334     system_msp432p401r.obj (.text)
                  00001838    00000270     rtsv7M4_T_le_v4SPD16_eabi.lib : _printfi.c.obj (.text:_pconv_a)
                  00001aa8    00000238     main.obj (.text)
                  00001ce0    000001d0     rtsv7M4_T_le_v4SPD16_eabi.lib : _printfi.c.obj (.text:_pconv_g)
                  00001eb0    000001b6                                   : fd_add_t2.asm.obj (.text)
                  00002066    00000002                                   : div0.asm.obj (.text)
                  00002068    00000158                                   : e_sqrt.c.obj (.text:sqrt)
                  000021c0    0000013c                                   : _printfi.c.obj (.text:_pconv_e)
                  000022fc    00000136                                   : fd_div_t2.asm.obj (.text)
                  00002432    00000002     --HOLE-- [fill = 0]
                  00002434    00000120                                   : _printfi.c.obj (.text:fcvt)
                  00002554    00000114                                   : fputs.c.obj (.text:fputs)
                  00002668    00000110                                   : s_scalbn.c.obj (.text:scalbn)
                  00002778    000000fc                                   : fd_mul_t2.asm.obj (.text)
                  00002874    000000dc                                   : setvbuf.c.obj (.text:setvbuf)
                  00002950    000000d8                                   : memory.c.obj (.text:free)
                  00002a28    000000b1                                   : _printfi.c.obj (.text:_ltostr)
                  00002ad9    00000001     --HOLE-- [fill = 0]
                  00002ada    0000009c                                   : memcpy_t2.asm.obj (.text)
                  00002b76    00000096                                   : ull_div_t2.asm.obj (.text)
                  00002c0c    0000008c                                   : fputc.c.obj (.text:fputc)
                  00002c98    00000086                                   : fd_cmp_t2.asm.obj (.text:__aeabi_cdcmple)
                  00002d1e    00000086                                   : fd_cmp_t2.asm.obj (.text:__aeabi_cdrcmple)
                  00002da4    0000007a                                   : memset_t2.asm.obj (.text)
                  00002e1e    00000002     --HOLE-- [fill = 0]
                  00002e20    00000078                                   : memory.c.obj (.text:malloc)
                  00002e98    00000074                                   : fclose.c.obj (.text:__TI_closefile)
                  00002f0c    0000006e                                   : _printfi.c.obj (.text:_mcpy)
                  00002f7a    0000006e                                   : fd_tos_t2.asm.obj (.text)
                  00002fe8    00000068                                   : hostlseek.c.obj (.text:HOSTlseek)
                  00003050    00000068                                   : hostrename.c.obj (.text:HOSTrename)
                  000030b8    00000068                                   : copy_decompress_lzss.c.obj (.text:decompress:lzss:__TI_decompress_lzss)
                  00003120    00000068                                   : printf.c.obj (.text:printf)
                  00003188    00000064                                   : s_frexp.c.obj (.text:frexp)
                  000031ec    00000064                                   : fseek.c.obj (.text:fseek)
                  00003250    00000062                                   : _io_perm.c.obj (.text:__TI_wrt_ok)
                  000032b2    00000002     --HOLE-- [fill = 0]
                  000032b4    00000060                                   : hostopen.c.obj (.text:HOSTopen)
                  00003314    0000005c                                   : close.c.obj (.text:close)
                  00003370    00000058                                   : hostread.c.obj (.text:HOSTread)
                  000033c8    00000058                                   : hostwrite.c.obj (.text:HOSTwrite)
                  00003420    00000056                                   : _printfi.c.obj (.text:_pconv_f)
                  00003476    00000054                                   : ltoa.c.obj (.text:ltoa)
                  000034ca    00000052                                   : _printfi.c.obj (.text:_ecpy)
                  0000351c    0000004c                                   : fflush.c.obj (.text:__TI_doflush)
                  00003568    0000004c                                   : atoi.c.obj (.text:atoi)
                  000035b4    00000048                                   : exit.c.obj (.text:exit)
                  000035fc    00000048                                   : fd_toi_t2.asm.obj (.text)
                  00003644    00000044                                   : hostclose.c.obj (.text:HOSTclose)
                  00003688    00000044                                   : hostunlink.c.obj (.text:HOSTunlink)
                  000036cc    00000044                                   : autoinit.c.obj (.text:__TI_auto_init_nobinit_nopinit:__TI_auto_init_nobinit_nopinit)
                  00003710    00000044                                   : getdevice.c.obj (.text:getdevice)
                  00003754    0000003e                                   : _printfi.c.obj (.text:_fcpy)
                  00003792    00000002     --HOLE-- [fill = 0]
                  00003794    0000003c                                   : memory.c.obj (.text:minsert)
                  000037d0    00000038                                   : trgmsg.c.obj (.text:__TI_writemsg)
                  00003808    00000038                                   : boot_cortex_m.c.obj (.text:_c_int00_noargs:_c_int00_noargs)
                  00003840    00000038                                   : memory.c.obj (.text:minit)
                  00003878    00000038                                   : fs_tod_t2.asm.obj (.text)
                  000038b0    00000036                                   : strncpy.c.obj (.text:strncpy)
                  000038e6    00000002     --HOLE-- [fill = 0]
                  000038e8    00000034                                   : fopen.c.obj (.text:__TI_cleanup)
                  0000391c    00000034                                   : trgmsg.c.obj (.text:__TI_readmsg)
                  00003950    00000030                                   : getdevice.c.obj (.text:finddevice)
                  00003980    0000002e                                   : i_tofd_t2.asm.obj (.text)
                  000039ae    00000002     --HOLE-- [fill = 0]
                  000039b0    0000002c                                   : unlink.c.obj (.text:unlink)
                  000039dc    00000028                                   : lseek.c.obj (.text:lseek)
                  00003a04    00000028                                   : memory.c.obj (.text:mremove)
                  00003a2c    00000028                                   : write.c.obj (.text:write)
                  00003a54    00000020                                   : memchr.c.obj (.text:memchr)
                  00003a74    00000020                                   : u_tofd_t2.asm.obj (.text)
                  00003a94    0000001c                                   : memccpy.c.obj (.text:memccpy)
                  00003ab0    00000018                                   : strcmp.c.obj (.text:strcmp)
                  00003ac8    00000016                                   : strchr.c.obj (.text:strchr)
                  00003ade    00000014                                   : s_copysign.c.obj (.text:copysign)
                  00003af2    00000014                                   : strcpy.c.obj (.text:strcpy)
                  00003b06    00000014                                   : strlen.c.obj (.text:strlen)
                  00003b1a    00000012                                   : copy_zero_init.c.obj (.text:decompress:ZI:__TI_zero_init_nomemset:__TI_zero_init_nomemset)
                  00003b2c    00000012                                   : wcslen.c.obj (.text:wcslen)
                  00003b3e    0000000e                                   : copy_decompress_none.c.obj (.text:decompress:none:__TI_decompress_none)
                  00003b4c    0000000e     startup_msp432p401r_ccs.obj (.text)
                  00003b5a    00000002     --HOLE-- [fill = 0]
                  00003b5c    00000008     rtsv7M4_T_le_v4SPD16_eabi.lib : errno.c.obj (.text:__aeabi_errno_addr)
                  00003b64    00000004                                   : printf.c.obj (.text:_outc)
                  00003b68    00000004                                   : printf.c.obj (.text:_outs)
                  00003b6c    00000004                                   : pre_init.c.obj (.text:_system_pre_init)
                  00003b70    00000004                                   : exit.c.obj (.text:abort:abort)

.const     0    00003b78    00000138     
                  00003b78    00000101     rtsv7M4_T_le_v4SPD16_eabi.lib : ctype.c.obj (.const:.string:_ctypes_)
                  00003c79    00000007     --HOLE-- [fill = 0]
                  00003c80    00000030                                   : e_pow.c.obj (.const:$O1$$)

.cinit     0    00003cb0    000000c0     
                  00003cb0    0000009b     (.cinit..data.load) [load image, compression = lzss]
                  00003d4b    00000001     --HOLE-- [fill = 0]
                  00003d4c    0000000c     (__TI_handler_table)
                  00003d58    00000008     (.cinit..bss.load) [load image, compression = zero_init]
                  00003d60    00000010     (__TI_cinit_table)

.init_array 
*          0    00000000    00000000     UNINITIALIZED

.binit     0    00000000    00000000     

.sysmem    0    20000000    00000400     UNINITIALIZED
                  20000000    00000008     rtsv7M4_T_le_v4SPD16_eabi.lib : memory.c.obj (.sysmem)
                  20000008    000003f8     --HOLE--

.data      0    20000400    0000022c     UNINITIALIZED
                  20000400    000000f0     rtsv7M4_T_le_v4SPD16_eabi.lib : defs.c.obj (.data:_ftable)
                  200004f0    00000078                                   : write.c.obj (.data:_device)
                  20000568    00000050                                   : write.c.obj (.data:_stream)
                  200005b8    0000003c     main.obj (.data)
                  200005f4    00000010     rtsv7M4_T_le_v4SPD16_eabi.lib : defs.c.obj (.data)
                  20000604    0000000c                                   : exit.c.obj (.data:$O1$$)
                  20000610    0000000c                                   : memory.c.obj (.data:$O1$$)
                  2000061c    00000008                                   : _lock.c.obj (.data:$O1$$)
                  20000624    00000004                                   : errno.c.obj (.data)
                  20000628    00000004     system_msp432p401r.obj (.data)

.bss       0    2000062c    000001f4     UNINITIALIZED
                  2000062c    00000120     rtsv7M4_T_le_v4SPD16_eabi.lib : trgmsg.c.obj (.bss:_CIOBUF_)
                  2000074c    000000a0     (.common:__TI_tmpnams)
                  200007ec    00000028     (.common:adc)
                  20000814    00000008     (.common:parmbuf)
                  2000081c    00000004     (.common:i)

.stack     0    2000fe00    00000200     UNINITIALIZED
                  2000fe00    00000004     rtsv7M4_T_le_v4SPD16_eabi.lib : boot_cortex_m.c.obj (.stack)
                  2000fe04    000001fc     --HOLE--

MODULE SUMMARY

       Module                        code    ro data   rw data
       ------                        ----    -------   -------
    .\
       system_msp432p401r.obj        820     0         8      
       main.obj                      568     0         208    
       startup_msp432p401r_ccs.obj   14      228       0      
    +--+-----------------------------+-------+---------+---------+
       Total:                        1402    228       216    
                                                              
    C:\ti\ccsv8\tools\compiler\ti-cgt-arm_18.1.3.LTS\lib\rtsv7M4_T_le_v4SPD16_eabi.lib
       _printfi.c.obj                4863    0         0      
       e_pow.c.obj                   2496    48        0      
       defs.c.obj                    0       0         832    
       trgmsg.c.obj                  108     0         576    
       memory.c.obj                  492     0         24     
       write.c.obj                   40      0         400    
       fd_add_t2.asm.obj             438     0         0      
       e_sqrt.c.obj                  344     0         0      
       fd_div_t2.asm.obj             310     0         0      
       fputs.c.obj                   276     0         0      
       s_scalbn.c.obj                272     0         0      
       fd_cmp_t2.asm.obj             268     0         0      
       ctype.c.obj                   0       257       0      
       fd_mul_t2.asm.obj             252     0         0      
       setvbuf.c.obj                 220     0         0      
       memcpy_t2.asm.obj             156     0         0      
       ull_div_t2.asm.obj            150     0         0      
       fputc.c.obj                   140     0         0      
       memset_t2.asm.obj             122     0         0      
       fclose.c.obj                  116     0         0      
       getdevice.c.obj               116     0         0      
       hostopen.c.obj                96      0         16     
       printf.c.obj                  112     0         0      
       fd_tos_t2.asm.obj             110     0         0      
       copy_decompress_lzss.c.obj    104     0         0      
       hostlseek.c.obj               104     0         0      
       hostrename.c.obj              104     0         0      
       exit.c.obj                    76      0         24     
       fseek.c.obj                   100     0         0      
       s_frexp.c.obj                 100     0         0      
       _io_perm.c.obj                98      0         0      
       close.c.obj                   92      0         0      
       hostread.c.obj                88      0         0      
       hostwrite.c.obj               88      0         0      
       ltoa.c.obj                    84      0         0      
       atoi.c.obj                    76      0         0      
       fflush.c.obj                  76      0         0      
       fd_toi_t2.asm.obj             72      0         0      
       autoinit.c.obj                68      0         0      
       hostclose.c.obj               68      0         0      
       hostunlink.c.obj              68      0         0      
       boot_cortex_m.c.obj           56      0         0      
       fs_tod_t2.asm.obj             56      0         0      
       strncpy.c.obj                 54      0         0      
       fopen.c.obj                   52      0         0      
       i_tofd_t2.asm.obj             46      0         0      
       unlink.c.obj                  44      0         0      
       lseek.c.obj                   40      0         0      
       memchr.c.obj                  32      0         0      
       u_tofd_t2.asm.obj             32      0         0      
       memccpy.c.obj                 28      0         0      
       strcmp.c.obj                  24      0         0      
       strchr.c.obj                  22      0         0      
       s_copysign.c.obj              20      0         0      
       strcpy.c.obj                  20      0         0      
       strlen.c.obj                  20      0         0      
       _lock.c.obj                   2       0         16     
       copy_zero_init.c.obj          18      0         0      
       wcslen.c.obj                  18      0         0      
       errno.c.obj                   8       0         8      
       copy_decompress_none.c.obj    14      0         0      
       pre_init.c.obj                4       0         0      
       div0.asm.obj                  2       0         0      
    +--+-----------------------------+-------+---------+---------+
       Total:                        13575   305       1896   
                                                              
       Heap:                         0       0         2048   
       Stack:                        0       0         1024   
       Linker Generated:             0       191       0      
    +--+-----------------------------+-------+---------+---------+
       Grand Total:                  14977   724       5184   


LINKER GENERATED COPY TABLES

__TI_cinit_table @ 00003d60 records: 2, size/record: 8, table size: 16
	.data: load addr=00003cb0, load size=0000009b bytes, run addr=20000400, run size=0000022c bytes, compression=lzss
	.bss: load addr=00003d58, load size=00000008 bytes, run addr=2000062c, run size=000001f4 bytes, compression=zero_init


LINKER GENERATED HANDLER TABLE

__TI_handler_table @ 00003d4c records: 3, size/record: 4, table size: 12
	index: 0, handler: __TI_decompress_lzss
	index: 1, handler: __TI_decompress_none
	index: 2, handler: __TI_zero_init


GLOBAL SYMBOLS: SORTED ALPHABETICALLY BY Name 

address   name                             
-------   ----                             
00003b59  ADC14_IRQHandler                 
00003b59  AES256_IRQHandler                
00003b59  BusFault_Handler                 
00003b71  C$$EXIT                          
000037ff  C$$IO$$                          
00003b59  COMP_E0_IRQHandler               
00003b59  COMP_E1_IRQHandler               
00003b59  CS_IRQHandler                    
00003b59  DMA_ERR_IRQHandler               
00003b59  DMA_INT0_IRQHandler              
00003b59  DMA_INT1_IRQHandler              
00003b59  DMA_INT2_IRQHandler              
00003b59  DMA_INT3_IRQHandler              
00003b59  DebugMon_Handler                 
00003b59  Default_Handler                  
00003b59  EUSCIA0_IRQHandler               
00003b59  EUSCIA1_IRQHandler               
00003b59  EUSCIA2_IRQHandler               
00003b59  EUSCIA3_IRQHandler               
00003b59  EUSCIB0_IRQHandler               
00003b59  EUSCIB1_IRQHandler               
00003b59  EUSCIB2_IRQHandler               
00003b59  EUSCIB3_IRQHandler               
00003b59  FLCTL_IRQHandler                 
00003b59  FPU_IRQHandler                   
00003645  HOSTclose                        
00002fe9  HOSTlseek                        
000032b5  HOSTopen                         
00003371  HOSTread                         
00003051  HOSTrename                       
00003689  HOSTunlink                       
000033c9  HOSTwrite                        
00003b59  HardFault_Handler                
00003b59  MemManage_Handler                
00003b59  NMI_Handler                      
00003b59  PCM_IRQHandler                   
00003b59  PORT1_IRQHandler                 
00003b59  PORT2_IRQHandler                 
00003b59  PORT3_IRQHandler                 
00003b59  PORT4_IRQHandler                 
00003b59  PORT5_IRQHandler                 
00003b59  PORT6_IRQHandler                 
00003b59  PSS_IRQHandler                   
00003b59  PendSV_Handler                   
00003b59  RTC_C_IRQHandler                 
00003b4d  Reset_Handler                    
00003b59  SVC_Handler                      
00003b59  SysTick_Handler                  
20000628  SystemCoreClock                  
00001505  SystemCoreClockUpdate            
0000177d  SystemInit                       
00003b59  T32_INT1_IRQHandler              
00003b59  T32_INT2_IRQHandler              
00003b59  T32_INTC_IRQHandler              
00003b59  TA0_0_IRQHandler                 
00003b59  TA0_N_IRQHandler                 
00003b59  TA1_0_IRQHandler                 
00003b59  TA1_N_IRQHandler                 
00003b59  TA2_0_IRQHandler                 
00003b59  TA2_N_IRQHandler                 
00003b59  TA3_0_IRQHandler                 
00003b59  TA3_N_IRQHandler                 
00003b59  UsageFault_Handler               
4000480c  WDTCTL_SYM                       
00003b59  WDT_A_IRQHandler                 
2000062c  __CIOBUF_                        
20010000  __STACK_END                      
00000200  __STACK_SIZE                     
00000400  __SYSMEM_SIZE                    
00003d60  __TI_CINIT_Base                  
00003d70  __TI_CINIT_Limit                 
00003d4c  __TI_Handler_Table_Base          
00003d58  __TI_Handler_Table_Limit         
000036cd  __TI_auto_init_nobinit_nopinit   
000038e9  __TI_cleanup                     
20000604  __TI_cleanup_ptr                 
00002e99  __TI_closefile                   
000030b9  __TI_decompress_lzss             
00003b3f  __TI_decompress_none             
0000351d  __TI_doflush                     
20000608  __TI_dtors_ptr                   
2000060c  __TI_enable_exit_profile_output  
200005f4  __TI_ft_end                      
ffffffff  __TI_pprof_out_hndl              
000000e5  __TI_printfi                     
ffffffff  __TI_prof_data_size              
ffffffff  __TI_prof_data_start             
0000391d  __TI_readmsg                     
00000000  __TI_static_base__               
2000074c  __TI_tmpnams                     
000037d1  __TI_writemsg                    
00003251  __TI_wrt_ok                      
00003b1b  __TI_zero_init_nomemset          
00002c99  __aeabi_cdcmpeq                  
00002c99  __aeabi_cdcmple                  
00002d1f  __aeabi_cdrcmple                 
00002f7b  __aeabi_d2f                      
000035fd  __aeabi_d2iz                     
00001ebb  __aeabi_dadd                     
000022fd  __aeabi_ddiv                     
00002779  __aeabi_dmul                     
00001eb1  __aeabi_dsub                     
00003b5d  __aeabi_errno_addr               
00003879  __aeabi_f2d                      
00003981  __aeabi_i2d                      
00002067  __aeabi_idiv0                    
00002067  __aeabi_ldiv0                    
00002da5  __aeabi_memclr                   
00002da5  __aeabi_memclr4                  
00002da5  __aeabi_memclr8                  
00002adb  __aeabi_memcpy                   
00002adb  __aeabi_memcpy4                  
00002adb  __aeabi_memcpy8                  
00002da7  __aeabi_memset                   
00002da7  __aeabi_memset4                  
00002da7  __aeabi_memset8                  
20000600  __aeabi_stderr                   
200005f8  __aeabi_stdin                    
200005fc  __aeabi_stdout                   
00003a75  __aeabi_ui2d                     
00002b77  __aeabi_uldivmod                 
ffffffff  __binit__                        
ffffffff  __c_args__                       
UNDEFED   __mpu_init                       
2000fe00  __stack                          
00003809  _c_int00_noargs                  
00003b78  _ctypes_                         
200004f0  _device                          
20000400  _ftable                          
2000061c  _lock                            
00000b43  _nop                             
20000568  _stream                          
20000000  _sys_memory                      
UNDEFED   _system_post_cinit               
00003b6d  _system_pre_init                 
20000620  _unlock                          
00003b71  abort                            
200007ec  adc                              
200005b8  adc14_control_register_0         
200005bc  adc14_control_register_1         
200005cc  adc14_interrupt_enable_0_register
200005d0  adc14_interrupt_enable_1_register
200005c8  adc14_interrupt_flag_0_register  
200005c0  adc14_memory_control_register_0  
200005c4  adc14_memory_register_0          
00003569  atoi                             
ffffffff  binit                            
00003315  close                            
00003adf  copysign                         
00003adf  copysignl                        
200005e8  count1                           
200005ec  count2                           
20000624  errno                            
000035b5  exit                             
00003951  finddevice                       
00002c0d  fputc                            
00002555  fputs                            
00002951  free                             
00003189  frexp                            
00003189  frexpl                           
000031ed  fseek                            
00003711  getdevice                        
2000081c  i                                
00000000  interruptVectors                 
00002669  ldexp                            
00002669  ldexpl                           
000039dd  lseek                            
00003477  ltoa                             
00001aa9  main                             
00002e21  malloc                           
00003a95  memccpy                          
00003a55  memchr                           
00002adb  memcpy                           
00002dad  memset                           
00003841  minit                            
200005f0  numAdc                           
20000814  parmbuf                          
200005d4  period                           
00000b45  pow                              
00000b45  powl                             
00003121  printf                           
00002c0d  putc                             
000039b1  remove                           
00002669  scalbn                           
00002669  scalbnl                          
00002875  setvbuf                          
00002069  sqrt                             
00002069  sqrtl                            
00003ac9  strchr                           
00003ab1  strcmp                           
00003af3  strcpy                           
00003b07  strlen                           
000038b1  strncpy                          
200005e4  systick_calibration_reg          
200005d8  systick_control_reg              
200005e0  systick_current_value_reg        
200005dc  systick_reload_value_reg         
000039b1  unlink                           
00003b2d  wcslen                           
00003a2d  write                            


GLOBAL SYMBOLS: SORTED BY Symbol Address 

address   name                             
-------   ----                             
00000000  __TI_static_base__               
00000000  interruptVectors                 
000000e5  __TI_printfi                     
00000200  __STACK_SIZE                     
00000400  __SYSMEM_SIZE                    
00000b43  _nop                             
00000b45  pow                              
00000b45  powl                             
00001505  SystemCoreClockUpdate            
0000177d  SystemInit                       
00001aa9  main                             
00001eb1  __aeabi_dsub                     
00001ebb  __aeabi_dadd                     
00002067  __aeabi_idiv0                    
00002067  __aeabi_ldiv0                    
00002069  sqrt                             
00002069  sqrtl                            
000022fd  __aeabi_ddiv                     
00002555  fputs                            
00002669  ldexp                            
00002669  ldexpl                           
00002669  scalbn                           
00002669  scalbnl                          
00002779  __aeabi_dmul                     
00002875  setvbuf                          
00002951  free                             
00002adb  __aeabi_memcpy                   
00002adb  __aeabi_memcpy4                  
00002adb  __aeabi_memcpy8                  
00002adb  memcpy                           
00002b77  __aeabi_uldivmod                 
00002c0d  fputc                            
00002c0d  putc                             
00002c99  __aeabi_cdcmpeq                  
00002c99  __aeabi_cdcmple                  
00002d1f  __aeabi_cdrcmple                 
00002da5  __aeabi_memclr                   
00002da5  __aeabi_memclr4                  
00002da5  __aeabi_memclr8                  
00002da7  __aeabi_memset                   
00002da7  __aeabi_memset4                  
00002da7  __aeabi_memset8                  
00002dad  memset                           
00002e21  malloc                           
00002e99  __TI_closefile                   
00002f7b  __aeabi_d2f                      
00002fe9  HOSTlseek                        
00003051  HOSTrename                       
000030b9  __TI_decompress_lzss             
00003121  printf                           
00003189  frexp                            
00003189  frexpl                           
000031ed  fseek                            
00003251  __TI_wrt_ok                      
000032b5  HOSTopen                         
00003315  close                            
00003371  HOSTread                         
000033c9  HOSTwrite                        
00003477  ltoa                             
0000351d  __TI_doflush                     
00003569  atoi                             
000035b5  exit                             
000035fd  __aeabi_d2iz                     
00003645  HOSTclose                        
00003689  HOSTunlink                       
000036cd  __TI_auto_init_nobinit_nopinit   
00003711  getdevice                        
000037d1  __TI_writemsg                    
000037ff  C$$IO$$                          
00003809  _c_int00_noargs                  
00003841  minit                            
00003879  __aeabi_f2d                      
000038b1  strncpy                          
000038e9  __TI_cleanup                     
0000391d  __TI_readmsg                     
00003951  finddevice                       
00003981  __aeabi_i2d                      
000039b1  remove                           
000039b1  unlink                           
000039dd  lseek                            
00003a2d  write                            
00003a55  memchr                           
00003a75  __aeabi_ui2d                     
00003a95  memccpy                          
00003ab1  strcmp                           
00003ac9  strchr                           
00003adf  copysign                         
00003adf  copysignl                        
00003af3  strcpy                           
00003b07  strlen                           
00003b1b  __TI_zero_init_nomemset          
00003b2d  wcslen                           
00003b3f  __TI_decompress_none             
00003b4d  Reset_Handler                    
00003b59  ADC14_IRQHandler                 
00003b59  AES256_IRQHandler                
00003b59  BusFault_Handler                 
00003b59  COMP_E0_IRQHandler               
00003b59  COMP_E1_IRQHandler               
00003b59  CS_IRQHandler                    
00003b59  DMA_ERR_IRQHandler               
00003b59  DMA_INT0_IRQHandler              
00003b59  DMA_INT1_IRQHandler              
00003b59  DMA_INT2_IRQHandler              
00003b59  DMA_INT3_IRQHandler              
00003b59  DebugMon_Handler                 
00003b59  Default_Handler                  
00003b59  EUSCIA0_IRQHandler               
00003b59  EUSCIA1_IRQHandler               
00003b59  EUSCIA2_IRQHandler               
00003b59  EUSCIA3_IRQHandler               
00003b59  EUSCIB0_IRQHandler               
00003b59  EUSCIB1_IRQHandler               
00003b59  EUSCIB2_IRQHandler               
00003b59  EUSCIB3_IRQHandler               
00003b59  FLCTL_IRQHandler                 
00003b59  FPU_IRQHandler                   
00003b59  HardFault_Handler                
00003b59  MemManage_Handler                
00003b59  NMI_Handler                      
00003b59  PCM_IRQHandler                   
00003b59  PORT1_IRQHandler                 
00003b59  PORT2_IRQHandler                 
00003b59  PORT3_IRQHandler                 
00003b59  PORT4_IRQHandler                 
00003b59  PORT5_IRQHandler                 
00003b59  PORT6_IRQHandler                 
00003b59  PSS_IRQHandler                   
00003b59  PendSV_Handler                   
00003b59  RTC_C_IRQHandler                 
00003b59  SVC_Handler                      
00003b59  SysTick_Handler                  
00003b59  T32_INT1_IRQHandler              
00003b59  T32_INT2_IRQHandler              
00003b59  T32_INTC_IRQHandler              
00003b59  TA0_0_IRQHandler                 
00003b59  TA0_N_IRQHandler                 
00003b59  TA1_0_IRQHandler                 
00003b59  TA1_N_IRQHandler                 
00003b59  TA2_0_IRQHandler                 
00003b59  TA2_N_IRQHandler                 
00003b59  TA3_0_IRQHandler                 
00003b59  TA3_N_IRQHandler                 
00003b59  UsageFault_Handler               
00003b59  WDT_A_IRQHandler                 
00003b5d  __aeabi_errno_addr               
00003b6d  _system_pre_init                 
00003b71  C$$EXIT                          
00003b71  abort                            
00003b78  _ctypes_                         
00003d4c  __TI_Handler_Table_Base          
00003d58  __TI_Handler_Table_Limit         
00003d60  __TI_CINIT_Base                  
00003d70  __TI_CINIT_Limit                 
20000000  _sys_memory                      
20000400  _ftable                          
200004f0  _device                          
20000568  _stream                          
200005b8  adc14_control_register_0         
200005bc  adc14_control_register_1         
200005c0  adc14_memory_control_register_0  
200005c4  adc14_memory_register_0          
200005c8  adc14_interrupt_flag_0_register  
200005cc  adc14_interrupt_enable_0_register
200005d0  adc14_interrupt_enable_1_register
200005d4  period                           
200005d8  systick_control_reg              
200005dc  systick_reload_value_reg         
200005e0  systick_current_value_reg        
200005e4  systick_calibration_reg          
200005e8  count1                           
200005ec  count2                           
200005f0  numAdc                           
200005f4  __TI_ft_end                      
200005f8  __aeabi_stdin                    
200005fc  __aeabi_stdout                   
20000600  __aeabi_stderr                   
20000604  __TI_cleanup_ptr                 
20000608  __TI_dtors_ptr                   
2000060c  __TI_enable_exit_profile_output  
2000061c  _lock                            
20000620  _unlock                          
20000624  errno                            
20000628  SystemCoreClock                  
2000062c  __CIOBUF_                        
2000074c  __TI_tmpnams                     
200007ec  adc                              
20000814  parmbuf                          
2000081c  i                                
2000fe00  __stack                          
20010000  __STACK_END                      
4000480c  WDTCTL_SYM                       
ffffffff  __TI_pprof_out_hndl              
ffffffff  __TI_prof_data_size              
ffffffff  __TI_prof_data_start             
ffffffff  __binit__                        
ffffffff  __c_args__                       
ffffffff  binit                            
UNDEFED   __mpu_init                       
UNDEFED   _system_post_cinit               

[200 symbols]
