<?xml version="1.0" encoding="ISO-8859-1" ?>
<link_info>
   <banner>TI ARM Linker PC v18.1.3.LTS</banner>
   <copyright>Copyright (c) 1996-2017 Texas Instruments Incorporated</copyright>
   <link_time>0x5be9a553</link_time>
   <link_errors>0x0</link_errors>
   <output_file>Lab.10.out</output_file>
   <entry_point>
      <name>_c_int00_noargs</name>
      <address>0x2b91</address>
   </entry_point>
   <input_file_list>
      <input_file id="fl-2">
         <path>.\</path>
         <kind>object</kind>
         <file>main.obj</file>
         <name>main.obj</name>
      </input_file>
      <input_file id="fl-3">
         <path>.\</path>
         <kind>object</kind>
         <file>startup_msp432p401r_ccs.obj</file>
         <name>startup_msp432p401r_ccs.obj</name>
      </input_file>
      <input_file id="fl-4">
         <path>.\</path>
         <kind>object</kind>
         <file>system_msp432p401r.obj</file>
         <name>system_msp432p401r.obj</name>
      </input_file>
      <input_file id="fl-8">
         <kind>object</kind>
         <file>&lt;internal&gt;</file>
         <name>&lt;internal&gt;</name>
      </input_file>
      <input_file id="fl-be">
         <path>C:\ti\ccsv8\tools\compiler\ti-cgt-arm_18.1.3.LTS\lib\</path>
         <kind>archive</kind>
         <file>rtsv7M4_T_le_v4SPD16_eabi.lib</file>
         <name>copy_zero_init.c.obj</name>
      </input_file>
      <input_file id="fl-bf">
         <path>C:\ti\ccsv8\tools\compiler\ti-cgt-arm_18.1.3.LTS\lib\</path>
         <kind>archive</kind>
         <file>rtsv7M4_T_le_v4SPD16_eabi.lib</file>
         <name>copy_decompress_none.c.obj</name>
      </input_file>
      <input_file id="fl-c0">
         <path>C:\ti\ccsv8\tools\compiler\ti-cgt-arm_18.1.3.LTS\lib\</path>
         <kind>archive</kind>
         <file>rtsv7M4_T_le_v4SPD16_eabi.lib</file>
         <name>copy_decompress_lzss.c.obj</name>
      </input_file>
      <input_file id="fl-c1">
         <path>C:\ti\ccsv8\tools\compiler\ti-cgt-arm_18.1.3.LTS\lib\</path>
         <kind>archive</kind>
         <file>rtsv7M4_T_le_v4SPD16_eabi.lib</file>
         <name>printf.c.obj</name>
      </input_file>
      <input_file id="fl-c2">
         <path>C:\ti\ccsv8\tools\compiler\ti-cgt-arm_18.1.3.LTS\lib\</path>
         <kind>archive</kind>
         <file>rtsv7M4_T_le_v4SPD16_eabi.lib</file>
         <name>boot_cortex_m.c.obj</name>
      </input_file>
      <input_file id="fl-c3">
         <path>C:\ti\ccsv8\tools\compiler\ti-cgt-arm_18.1.3.LTS\lib\</path>
         <kind>archive</kind>
         <file>rtsv7M4_T_le_v4SPD16_eabi.lib</file>
         <name>memset_t2.asm.obj</name>
      </input_file>
      <input_file id="fl-c4">
         <path>C:\ti\ccsv8\tools\compiler\ti-cgt-arm_18.1.3.LTS\lib\</path>
         <kind>archive</kind>
         <file>rtsv7M4_T_le_v4SPD16_eabi.lib</file>
         <name>memcpy_t2.asm.obj</name>
      </input_file>
      <input_file id="fl-c5">
         <path>C:\ti\ccsv8\tools\compiler\ti-cgt-arm_18.1.3.LTS\lib\</path>
         <kind>archive</kind>
         <file>rtsv7M4_T_le_v4SPD16_eabi.lib</file>
         <name>autoinit.c.obj</name>
      </input_file>
      <input_file id="fl-c6">
         <path>C:\ti\ccsv8\tools\compiler\ti-cgt-arm_18.1.3.LTS\lib\</path>
         <kind>archive</kind>
         <file>rtsv7M4_T_le_v4SPD16_eabi.lib</file>
         <name>pre_init.c.obj</name>
      </input_file>
      <input_file id="fl-c7">
         <path>C:\ti\ccsv8\tools\compiler\ti-cgt-arm_18.1.3.LTS\lib\</path>
         <kind>archive</kind>
         <file>rtsv7M4_T_le_v4SPD16_eabi.lib</file>
         <name>cpy_tbl.c.obj</name>
      </input_file>
      <input_file id="fl-c8">
         <path>C:\ti\ccsv8\tools\compiler\ti-cgt-arm_18.1.3.LTS\lib\</path>
         <kind>archive</kind>
         <file>rtsv7M4_T_le_v4SPD16_eabi.lib</file>
         <name>exit.c.obj</name>
      </input_file>
      <input_file id="fl-c9">
         <path>C:\ti\ccsv8\tools\compiler\ti-cgt-arm_18.1.3.LTS\lib\</path>
         <kind>archive</kind>
         <file>rtsv7M4_T_le_v4SPD16_eabi.lib</file>
         <name>_lock.c.obj</name>
      </input_file>
      <input_file id="fl-ca">
         <path>C:\ti\ccsv8\tools\compiler\ti-cgt-arm_18.1.3.LTS\lib\</path>
         <kind>archive</kind>
         <file>rtsv7M4_T_le_v4SPD16_eabi.lib</file>
         <name>_printfi.c.obj</name>
      </input_file>
      <input_file id="fl-cb">
         <path>C:\ti\ccsv8\tools\compiler\ti-cgt-arm_18.1.3.LTS\lib\</path>
         <kind>archive</kind>
         <file>rtsv7M4_T_le_v4SPD16_eabi.lib</file>
         <name>args_main.c.obj</name>
      </input_file>
      <input_file id="fl-cc">
         <path>C:\ti\ccsv8\tools\compiler\ti-cgt-arm_18.1.3.LTS\lib\</path>
         <kind>archive</kind>
         <file>rtsv7M4_T_le_v4SPD16_eabi.lib</file>
         <name>atoi.c.obj</name>
      </input_file>
      <input_file id="fl-cd">
         <path>C:\ti\ccsv8\tools\compiler\ti-cgt-arm_18.1.3.LTS\lib\</path>
         <kind>archive</kind>
         <file>rtsv7M4_T_le_v4SPD16_eabi.lib</file>
         <name>ctype.c.obj</name>
      </input_file>
      <input_file id="fl-ce">
         <path>C:\ti\ccsv8\tools\compiler\ti-cgt-arm_18.1.3.LTS\lib\</path>
         <kind>archive</kind>
         <file>rtsv7M4_T_le_v4SPD16_eabi.lib</file>
         <name>defs.c.obj</name>
      </input_file>
      <input_file id="fl-cf">
         <path>C:\ti\ccsv8\tools\compiler\ti-cgt-arm_18.1.3.LTS\lib\</path>
         <kind>archive</kind>
         <file>rtsv7M4_T_le_v4SPD16_eabi.lib</file>
         <name>fputc.c.obj</name>
      </input_file>
      <input_file id="fl-d0">
         <path>C:\ti\ccsv8\tools\compiler\ti-cgt-arm_18.1.3.LTS\lib\</path>
         <kind>archive</kind>
         <file>rtsv7M4_T_le_v4SPD16_eabi.lib</file>
         <name>fputs.c.obj</name>
      </input_file>
      <input_file id="fl-d1">
         <path>C:\ti\ccsv8\tools\compiler\ti-cgt-arm_18.1.3.LTS\lib\</path>
         <kind>archive</kind>
         <file>rtsv7M4_T_le_v4SPD16_eabi.lib</file>
         <name>ltoa.c.obj</name>
      </input_file>
      <input_file id="fl-d2">
         <path>C:\ti\ccsv8\tools\compiler\ti-cgt-arm_18.1.3.LTS\lib\</path>
         <kind>archive</kind>
         <file>rtsv7M4_T_le_v4SPD16_eabi.lib</file>
         <name>memccpy.c.obj</name>
      </input_file>
      <input_file id="fl-d3">
         <path>C:\ti\ccsv8\tools\compiler\ti-cgt-arm_18.1.3.LTS\lib\</path>
         <kind>archive</kind>
         <file>rtsv7M4_T_le_v4SPD16_eabi.lib</file>
         <name>memchr.c.obj</name>
      </input_file>
      <input_file id="fl-d4">
         <path>C:\ti\ccsv8\tools\compiler\ti-cgt-arm_18.1.3.LTS\lib\</path>
         <kind>archive</kind>
         <file>rtsv7M4_T_le_v4SPD16_eabi.lib</file>
         <name>strchr.c.obj</name>
      </input_file>
      <input_file id="fl-d5">
         <path>C:\ti\ccsv8\tools\compiler\ti-cgt-arm_18.1.3.LTS\lib\</path>
         <kind>archive</kind>
         <file>rtsv7M4_T_le_v4SPD16_eabi.lib</file>
         <name>strlen.c.obj</name>
      </input_file>
      <input_file id="fl-d6">
         <path>C:\ti\ccsv8\tools\compiler\ti-cgt-arm_18.1.3.LTS\lib\</path>
         <kind>archive</kind>
         <file>rtsv7M4_T_le_v4SPD16_eabi.lib</file>
         <name>write.c.obj</name>
      </input_file>
      <input_file id="fl-d7">
         <path>C:\ti\ccsv8\tools\compiler\ti-cgt-arm_18.1.3.LTS\lib\</path>
         <kind>archive</kind>
         <file>rtsv7M4_T_le_v4SPD16_eabi.lib</file>
         <name>errno.c.obj</name>
      </input_file>
      <input_file id="fl-d8">
         <path>C:\ti\ccsv8\tools\compiler\ti-cgt-arm_18.1.3.LTS\lib\</path>
         <kind>archive</kind>
         <file>rtsv7M4_T_le_v4SPD16_eabi.lib</file>
         <name>s_frexp.c.obj</name>
      </input_file>
      <input_file id="fl-d9">
         <path>C:\ti\ccsv8\tools\compiler\ti-cgt-arm_18.1.3.LTS\lib\</path>
         <kind>archive</kind>
         <file>rtsv7M4_T_le_v4SPD16_eabi.lib</file>
         <name>s_scalbn.c.obj</name>
      </input_file>
      <input_file id="fl-da">
         <path>C:\ti\ccsv8\tools\compiler\ti-cgt-arm_18.1.3.LTS\lib\</path>
         <kind>archive</kind>
         <file>rtsv7M4_T_le_v4SPD16_eabi.lib</file>
         <name>wcslen.c.obj</name>
      </input_file>
      <input_file id="fl-db">
         <path>C:\ti\ccsv8\tools\compiler\ti-cgt-arm_18.1.3.LTS\lib\</path>
         <kind>archive</kind>
         <file>rtsv7M4_T_le_v4SPD16_eabi.lib</file>
         <name>s_copysign.c.obj</name>
      </input_file>
      <input_file id="fl-dc">
         <path>C:\ti\ccsv8\tools\compiler\ti-cgt-arm_18.1.3.LTS\lib\</path>
         <kind>archive</kind>
         <file>rtsv7M4_T_le_v4SPD16_eabi.lib</file>
         <name>ull_div_t2.asm.obj</name>
      </input_file>
      <input_file id="fl-dd">
         <path>C:\ti\ccsv8\tools\compiler\ti-cgt-arm_18.1.3.LTS\lib\</path>
         <kind>archive</kind>
         <file>rtsv7M4_T_le_v4SPD16_eabi.lib</file>
         <name>fd_add_t2.asm.obj</name>
      </input_file>
      <input_file id="fl-de">
         <path>C:\ti\ccsv8\tools\compiler\ti-cgt-arm_18.1.3.LTS\lib\</path>
         <kind>archive</kind>
         <file>rtsv7M4_T_le_v4SPD16_eabi.lib</file>
         <name>fd_cmp_t2.asm.obj</name>
      </input_file>
      <input_file id="fl-df">
         <path>C:\ti\ccsv8\tools\compiler\ti-cgt-arm_18.1.3.LTS\lib\</path>
         <kind>archive</kind>
         <file>rtsv7M4_T_le_v4SPD16_eabi.lib</file>
         <name>fd_div_t2.asm.obj</name>
      </input_file>
      <input_file id="fl-e0">
         <path>C:\ti\ccsv8\tools\compiler\ti-cgt-arm_18.1.3.LTS\lib\</path>
         <kind>archive</kind>
         <file>rtsv7M4_T_le_v4SPD16_eabi.lib</file>
         <name>fd_mul_t2.asm.obj</name>
      </input_file>
      <input_file id="fl-e1">
         <path>C:\ti\ccsv8\tools\compiler\ti-cgt-arm_18.1.3.LTS\lib\</path>
         <kind>archive</kind>
         <file>rtsv7M4_T_le_v4SPD16_eabi.lib</file>
         <name>fd_toi_t2.asm.obj</name>
      </input_file>
      <input_file id="fl-e2">
         <path>C:\ti\ccsv8\tools\compiler\ti-cgt-arm_18.1.3.LTS\lib\</path>
         <kind>archive</kind>
         <file>rtsv7M4_T_le_v4SPD16_eabi.lib</file>
         <name>i_tofd_t2.asm.obj</name>
      </input_file>
      <input_file id="fl-e3">
         <path>C:\ti\ccsv8\tools\compiler\ti-cgt-arm_18.1.3.LTS\lib\</path>
         <kind>archive</kind>
         <file>rtsv7M4_T_le_v4SPD16_eabi.lib</file>
         <name>_io_perm.c.obj</name>
      </input_file>
      <input_file id="fl-e4">
         <path>C:\ti\ccsv8\tools\compiler\ti-cgt-arm_18.1.3.LTS\lib\</path>
         <kind>archive</kind>
         <file>rtsv7M4_T_le_v4SPD16_eabi.lib</file>
         <name>fflush.c.obj</name>
      </input_file>
      <input_file id="fl-e5">
         <path>C:\ti\ccsv8\tools\compiler\ti-cgt-arm_18.1.3.LTS\lib\</path>
         <kind>archive</kind>
         <file>rtsv7M4_T_le_v4SPD16_eabi.lib</file>
         <name>fseek.c.obj</name>
      </input_file>
      <input_file id="fl-e6">
         <path>C:\ti\ccsv8\tools\compiler\ti-cgt-arm_18.1.3.LTS\lib\</path>
         <kind>archive</kind>
         <file>rtsv7M4_T_le_v4SPD16_eabi.lib</file>
         <name>lseek.c.obj</name>
      </input_file>
      <input_file id="fl-e7">
         <path>C:\ti\ccsv8\tools\compiler\ti-cgt-arm_18.1.3.LTS\lib\</path>
         <kind>archive</kind>
         <file>rtsv7M4_T_le_v4SPD16_eabi.lib</file>
         <name>setvbuf.c.obj</name>
      </input_file>
      <input_file id="fl-e8">
         <path>C:\ti\ccsv8\tools\compiler\ti-cgt-arm_18.1.3.LTS\lib\</path>
         <kind>archive</kind>
         <file>rtsv7M4_T_le_v4SPD16_eabi.lib</file>
         <name>hostclose.c.obj</name>
      </input_file>
      <input_file id="fl-e9">
         <path>C:\ti\ccsv8\tools\compiler\ti-cgt-arm_18.1.3.LTS\lib\</path>
         <kind>archive</kind>
         <file>rtsv7M4_T_le_v4SPD16_eabi.lib</file>
         <name>hostlseek.c.obj</name>
      </input_file>
      <input_file id="fl-ea">
         <path>C:\ti\ccsv8\tools\compiler\ti-cgt-arm_18.1.3.LTS\lib\</path>
         <kind>archive</kind>
         <file>rtsv7M4_T_le_v4SPD16_eabi.lib</file>
         <name>hostopen.c.obj</name>
      </input_file>
      <input_file id="fl-eb">
         <path>C:\ti\ccsv8\tools\compiler\ti-cgt-arm_18.1.3.LTS\lib\</path>
         <kind>archive</kind>
         <file>rtsv7M4_T_le_v4SPD16_eabi.lib</file>
         <name>hostread.c.obj</name>
      </input_file>
      <input_file id="fl-ec">
         <path>C:\ti\ccsv8\tools\compiler\ti-cgt-arm_18.1.3.LTS\lib\</path>
         <kind>archive</kind>
         <file>rtsv7M4_T_le_v4SPD16_eabi.lib</file>
         <name>hostrename.c.obj</name>
      </input_file>
      <input_file id="fl-ed">
         <path>C:\ti\ccsv8\tools\compiler\ti-cgt-arm_18.1.3.LTS\lib\</path>
         <kind>archive</kind>
         <file>rtsv7M4_T_le_v4SPD16_eabi.lib</file>
         <name>hostunlink.c.obj</name>
      </input_file>
      <input_file id="fl-ee">
         <path>C:\ti\ccsv8\tools\compiler\ti-cgt-arm_18.1.3.LTS\lib\</path>
         <kind>archive</kind>
         <file>rtsv7M4_T_le_v4SPD16_eabi.lib</file>
         <name>hostwrite.c.obj</name>
      </input_file>
      <input_file id="fl-ef">
         <path>C:\ti\ccsv8\tools\compiler\ti-cgt-arm_18.1.3.LTS\lib\</path>
         <kind>archive</kind>
         <file>rtsv7M4_T_le_v4SPD16_eabi.lib</file>
         <name>trgmsg.c.obj</name>
      </input_file>
      <input_file id="fl-f0">
         <path>C:\ti\ccsv8\tools\compiler\ti-cgt-arm_18.1.3.LTS\lib\</path>
         <kind>archive</kind>
         <file>rtsv7M4_T_le_v4SPD16_eabi.lib</file>
         <name>div0.asm.obj</name>
      </input_file>
      <input_file id="fl-f1">
         <path>C:\ti\ccsv8\tools\compiler\ti-cgt-arm_18.1.3.LTS\lib\</path>
         <kind>archive</kind>
         <file>rtsv7M4_T_le_v4SPD16_eabi.lib</file>
         <name>memory.c.obj</name>
      </input_file>
      <input_file id="fl-f2">
         <path>C:\ti\ccsv8\tools\compiler\ti-cgt-arm_18.1.3.LTS\lib\</path>
         <kind>archive</kind>
         <file>rtsv7M4_T_le_v4SPD16_eabi.lib</file>
         <name>fopen.c.obj</name>
      </input_file>
      <input_file id="fl-f3">
         <path>C:\ti\ccsv8\tools\compiler\ti-cgt-arm_18.1.3.LTS\lib\</path>
         <kind>archive</kind>
         <file>rtsv7M4_T_le_v4SPD16_eabi.lib</file>
         <name>open.c.obj</name>
      </input_file>
      <input_file id="fl-f4">
         <path>C:\ti\ccsv8\tools\compiler\ti-cgt-arm_18.1.3.LTS\lib\</path>
         <kind>archive</kind>
         <file>rtsv7M4_T_le_v4SPD16_eabi.lib</file>
         <name>strcpy.c.obj</name>
      </input_file>
      <input_file id="fl-f5">
         <path>C:\ti\ccsv8\tools\compiler\ti-cgt-arm_18.1.3.LTS\lib\</path>
         <kind>archive</kind>
         <file>rtsv7M4_T_le_v4SPD16_eabi.lib</file>
         <name>fclose.c.obj</name>
      </input_file>
      <input_file id="fl-f6">
         <path>C:\ti\ccsv8\tools\compiler\ti-cgt-arm_18.1.3.LTS\lib\</path>
         <kind>archive</kind>
         <file>rtsv7M4_T_le_v4SPD16_eabi.lib</file>
         <name>getdevice.c.obj</name>
      </input_file>
      <input_file id="fl-f7">
         <path>C:\ti\ccsv8\tools\compiler\ti-cgt-arm_18.1.3.LTS\lib\</path>
         <kind>archive</kind>
         <file>rtsv7M4_T_le_v4SPD16_eabi.lib</file>
         <name>remove.c.obj</name>
      </input_file>
      <input_file id="fl-f8">
         <path>C:\ti\ccsv8\tools\compiler\ti-cgt-arm_18.1.3.LTS\lib\</path>
         <kind>archive</kind>
         <file>rtsv7M4_T_le_v4SPD16_eabi.lib</file>
         <name>strcmp.c.obj</name>
      </input_file>
      <input_file id="fl-f9">
         <path>C:\ti\ccsv8\tools\compiler\ti-cgt-arm_18.1.3.LTS\lib\</path>
         <kind>archive</kind>
         <file>rtsv7M4_T_le_v4SPD16_eabi.lib</file>
         <name>strncpy.c.obj</name>
      </input_file>
      <input_file id="fl-fa">
         <path>C:\ti\ccsv8\tools\compiler\ti-cgt-arm_18.1.3.LTS\lib\</path>
         <kind>archive</kind>
         <file>rtsv7M4_T_le_v4SPD16_eabi.lib</file>
         <name>unlink.c.obj</name>
      </input_file>
      <input_file id="fl-fb">
         <path>C:\ti\ccsv8\tools\compiler\ti-cgt-arm_18.1.3.LTS\lib\</path>
         <kind>archive</kind>
         <file>rtsv7M4_T_le_v4SPD16_eabi.lib</file>
         <name>close.c.obj</name>
      </input_file>
   </input_file_list>
   <object_component_list>
      <object_component id="oc-23">
         <name>.intvecs:retain</name>
         <load_address>0x0</load_address>
         <run_address>0x0</run_address>
         <size>0xe4</size>
         <input_file_ref idref="fl-3"/>
      </object_component>
      <object_component id="oc-12d">
         <name>.text:__TI_printfi</name>
         <load_address>0xe4</load_address>
         <run_address>0xe4</run_address>
         <size>0xa5e</size>
         <input_file_ref idref="fl-ca"/>
      </object_component>
      <object_component id="oc-1c6">
         <name>.text:_nop</name>
         <load_address>0xb42</load_address>
         <run_address>0xb42</run_address>
         <size>0x2</size>
         <input_file_ref idref="fl-c9"/>
      </object_component>
      <object_component id="oc-a9">
         <name>.text</name>
         <load_address>0xb44</load_address>
         <run_address>0xb44</run_address>
         <size>0x334</size>
         <input_file_ref idref="fl-4"/>
      </object_component>
      <object_component id="oc-1a2">
         <name>.text:_pconv_a</name>
         <load_address>0xe78</load_address>
         <run_address>0xe78</run_address>
         <size>0x270</size>
         <input_file_ref idref="fl-ca"/>
      </object_component>
      <object_component id="oc-190">
         <name>.text:_pconv_g</name>
         <load_address>0x10e8</load_address>
         <run_address>0x10e8</run_address>
         <size>0x1d0</size>
         <input_file_ref idref="fl-ca"/>
      </object_component>
      <object_component id="oc-22d">
         <name>.text</name>
         <load_address>0x12b8</load_address>
         <run_address>0x12b8</run_address>
         <size>0x1b6</size>
         <input_file_ref idref="fl-dd"/>
      </object_component>
      <object_component id="oc-2b3">
         <name>.text</name>
         <load_address>0x146e</load_address>
         <run_address>0x146e</run_address>
         <size>0x2</size>
         <input_file_ref idref="fl-f0"/>
      </object_component>
      <object_component id="oc-97">
         <name>.text</name>
         <load_address>0x1470</load_address>
         <run_address>0x1470</run_address>
         <size>0x144</size>
         <input_file_ref idref="fl-2"/>
      </object_component>
      <object_component id="oc-19c">
         <name>.text:_pconv_e</name>
         <load_address>0x15b4</load_address>
         <run_address>0x15b4</run_address>
         <size>0x13c</size>
         <input_file_ref idref="fl-ca"/>
      </object_component>
      <object_component id="oc-213">
         <name>.text</name>
         <load_address>0x16f0</load_address>
         <run_address>0x16f0</run_address>
         <size>0x136</size>
         <input_file_ref idref="fl-df"/>
      </object_component>
      <object_component id="oc-23f">
         <name>.text:fcvt</name>
         <load_address>0x1828</load_address>
         <run_address>0x1828</run_address>
         <size>0x120</size>
         <input_file_ref idref="fl-ca"/>
      </object_component>
      <object_component id="oc-1d4">
         <name>.text:fputs</name>
         <load_address>0x1948</load_address>
         <run_address>0x1948</run_address>
         <size>0x114</size>
         <input_file_ref idref="fl-d0"/>
      </object_component>
      <object_component id="oc-253">
         <name>.text:scalbn</name>
         <load_address>0x1a5c</load_address>
         <run_address>0x1a5c</run_address>
         <size>0x110</size>
         <input_file_ref idref="fl-d9"/>
      </object_component>
      <object_component id="oc-20e">
         <name>.text</name>
         <load_address>0x1b6c</load_address>
         <run_address>0x1b6c</run_address>
         <size>0xfc</size>
         <input_file_ref idref="fl-e0"/>
      </object_component>
      <object_component id="oc-2ee">
         <name>.text:setvbuf</name>
         <load_address>0x1c68</load_address>
         <run_address>0x1c68</run_address>
         <size>0xdc</size>
         <input_file_ref idref="fl-e7"/>
      </object_component>
      <object_component id="oc-31c">
         <name>.text:free</name>
         <load_address>0x1d44</load_address>
         <run_address>0x1d44</run_address>
         <size>0xd8</size>
         <input_file_ref idref="fl-f1"/>
      </object_component>
      <object_component id="oc-185">
         <name>.text:_ltostr</name>
         <load_address>0x1e1c</load_address>
         <run_address>0x1e1c</run_address>
         <size>0xb1</size>
         <input_file_ref idref="fl-ca"/>
      </object_component>
      <object_component id="oc-37">
         <name>.text</name>
         <load_address>0x1ece</load_address>
         <run_address>0x1ece</run_address>
         <size>0x9c</size>
         <input_file_ref idref="fl-c4"/>
      </object_component>
      <object_component id="oc-207">
         <name>.text</name>
         <load_address>0x1f6a</load_address>
         <run_address>0x1f6a</run_address>
         <size>0x96</size>
         <input_file_ref idref="fl-dc"/>
      </object_component>
      <object_component id="oc-1db">
         <name>.text:fputc</name>
         <load_address>0x2000</load_address>
         <run_address>0x2000</run_address>
         <size>0x8c</size>
         <input_file_ref idref="fl-cf"/>
      </object_component>
      <object_component id="oc-18b">
         <name>.text:__aeabi_cdcmple</name>
         <load_address>0x208c</load_address>
         <run_address>0x208c</run_address>
         <size>0x86</size>
         <input_file_ref idref="fl-de"/>
      </object_component>
      <object_component id="oc-218">
         <name>.text:__aeabi_cdrcmple</name>
         <load_address>0x2112</load_address>
         <run_address>0x2112</run_address>
         <size>0x86</size>
         <input_file_ref idref="fl-de"/>
      </object_component>
      <object_component id="oc-8b">
         <name>.text</name>
         <load_address>0x2198</load_address>
         <run_address>0x2198</run_address>
         <size>0x7a</size>
         <input_file_ref idref="fl-c3"/>
      </object_component>
      <object_component id="oc-322">
         <name>.text:malloc</name>
         <load_address>0x2214</load_address>
         <run_address>0x2214</run_address>
         <size>0x78</size>
         <input_file_ref idref="fl-f1"/>
      </object_component>
      <object_component id="oc-367">
         <name>.text:__TI_closefile</name>
         <load_address>0x228c</load_address>
         <run_address>0x228c</run_address>
         <size>0x74</size>
         <input_file_ref idref="fl-f5"/>
      </object_component>
      <object_component id="oc-238">
         <name>.text:_mcpy</name>
         <load_address>0x2300</load_address>
         <run_address>0x2300</run_address>
         <size>0x6e</size>
         <input_file_ref idref="fl-ca"/>
      </object_component>
      <object_component id="oc-38b">
         <name>.text:HOSTlseek</name>
         <load_address>0x2370</load_address>
         <run_address>0x2370</run_address>
         <size>0x68</size>
         <input_file_ref idref="fl-e9"/>
      </object_component>
      <object_component id="oc-397">
         <name>.text:HOSTrename</name>
         <load_address>0x23d8</load_address>
         <run_address>0x23d8</run_address>
         <size>0x68</size>
         <input_file_ref idref="fl-ec"/>
      </object_component>
      <object_component id="oc-14">
         <name>.text:decompress:lzss:__TI_decompress_lzss</name>
         <load_address>0x2440</load_address>
         <run_address>0x2440</run_address>
         <size>0x68</size>
         <input_file_ref idref="fl-c0"/>
      </object_component>
      <object_component id="oc-d3">
         <name>.text:printf</name>
         <load_address>0x24a8</load_address>
         <run_address>0x24a8</run_address>
         <size>0x68</size>
         <input_file_ref idref="fl-c1"/>
      </object_component>
      <object_component id="oc-24d">
         <name>.text:frexp</name>
         <load_address>0x2510</load_address>
         <run_address>0x2510</run_address>
         <size>0x64</size>
         <input_file_ref idref="fl-d8"/>
      </object_component>
      <object_component id="oc-2e8">
         <name>.text:fseek</name>
         <load_address>0x2574</load_address>
         <run_address>0x2574</run_address>
         <size>0x64</size>
         <input_file_ref idref="fl-e5"/>
      </object_component>
      <object_component id="oc-284">
         <name>.text:__TI_wrt_ok</name>
         <load_address>0x25d8</load_address>
         <run_address>0x25d8</run_address>
         <size>0x62</size>
         <input_file_ref idref="fl-e3"/>
      </object_component>
      <object_component id="oc-373">
         <name>.text:HOSTopen</name>
         <load_address>0x263c</load_address>
         <run_address>0x263c</run_address>
         <size>0x60</size>
         <input_file_ref idref="fl-ea"/>
      </object_component>
      <object_component id="oc-3a6">
         <name>.text:close</name>
         <load_address>0x269c</load_address>
         <run_address>0x269c</run_address>
         <size>0x5c</size>
         <input_file_ref idref="fl-fb"/>
      </object_component>
      <object_component id="oc-37f">
         <name>.text:HOSTread</name>
         <load_address>0x26f8</load_address>
         <run_address>0x26f8</run_address>
         <size>0x58</size>
         <input_file_ref idref="fl-eb"/>
      </object_component>
      <object_component id="oc-385">
         <name>.text:HOSTwrite</name>
         <load_address>0x2750</load_address>
         <run_address>0x2750</run_address>
         <size>0x58</size>
         <input_file_ref idref="fl-ee"/>
      </object_component>
      <object_component id="oc-196">
         <name>.text:_pconv_f</name>
         <load_address>0x27a8</load_address>
         <run_address>0x27a8</run_address>
         <size>0x56</size>
         <input_file_ref idref="fl-ca"/>
      </object_component>
      <object_component id="oc-222">
         <name>.text:ltoa</name>
         <load_address>0x27fe</load_address>
         <run_address>0x27fe</run_address>
         <size>0x54</size>
         <input_file_ref idref="fl-d1"/>
      </object_component>
      <object_component id="oc-232">
         <name>.text:_ecpy</name>
         <load_address>0x2852</load_address>
         <run_address>0x2852</run_address>
         <size>0x52</size>
         <input_file_ref idref="fl-ca"/>
      </object_component>
      <object_component id="oc-290">
         <name>.text:__TI_doflush</name>
         <load_address>0x28a4</load_address>
         <run_address>0x28a4</run_address>
         <size>0x4c</size>
         <input_file_ref idref="fl-e4"/>
      </object_component>
      <object_component id="oc-17f">
         <name>.text:atoi</name>
         <load_address>0x28f0</load_address>
         <run_address>0x28f0</run_address>
         <size>0x4c</size>
         <input_file_ref idref="fl-cc"/>
      </object_component>
      <object_component id="oc-e7">
         <name>.text:exit</name>
         <load_address>0x293c</load_address>
         <run_address>0x293c</run_address>
         <size>0x48</size>
         <input_file_ref idref="fl-c8"/>
      </object_component>
      <object_component id="oc-21d">
         <name>.text</name>
         <load_address>0x2984</load_address>
         <run_address>0x2984</run_address>
         <size>0x48</size>
         <input_file_ref idref="fl-e1"/>
      </object_component>
      <object_component id="oc-379">
         <name>.text:HOSTclose</name>
         <load_address>0x29cc</load_address>
         <run_address>0x29cc</run_address>
         <size>0x44</size>
         <input_file_ref idref="fl-e8"/>
      </object_component>
      <object_component id="oc-391">
         <name>.text:HOSTunlink</name>
         <load_address>0x2a10</load_address>
         <run_address>0x2a10</run_address>
         <size>0x44</size>
         <input_file_ref idref="fl-ed"/>
      </object_component>
      <object_component id="oc-ed">
         <name>.text:__TI_auto_init_nobinit_nopinit:__TI_auto_init_nobinit_nopinit</name>
         <load_address>0x2a54</load_address>
         <run_address>0x2a54</run_address>
         <size>0x44</size>
         <input_file_ref idref="fl-c5"/>
      </object_component>
      <object_component id="oc-3db">
         <name>.text:getdevice</name>
         <load_address>0x2a98</load_address>
         <run_address>0x2a98</run_address>
         <size>0x44</size>
         <input_file_ref idref="fl-f6"/>
      </object_component>
      <object_component id="oc-245">
         <name>.text:_fcpy</name>
         <load_address>0x2adc</load_address>
         <run_address>0x2adc</run_address>
         <size>0x3e</size>
         <input_file_ref idref="fl-ca"/>
      </object_component>
      <object_component id="oc-35c">
         <name>.text:minsert</name>
         <load_address>0x2b1c</load_address>
         <run_address>0x2b1c</run_address>
         <size>0x3c</size>
         <input_file_ref idref="fl-f1"/>
      </object_component>
      <object_component id="oc-3b7">
         <name>.text:__TI_writemsg</name>
         <load_address>0x2b58</load_address>
         <run_address>0x2b58</run_address>
         <size>0x38</size>
         <input_file_ref idref="fl-ef"/>
      </object_component>
      <object_component id="oc-55">
         <name>.text:_c_int00_noargs:_c_int00_noargs</name>
         <load_address>0x2b90</load_address>
         <run_address>0x2b90</run_address>
         <size>0x38</size>
         <input_file_ref idref="fl-c2"/>
      </object_component>
      <object_component id="oc-350">
         <name>.text:minit</name>
         <load_address>0x2bc8</load_address>
         <run_address>0x2bc8</run_address>
         <size>0x38</size>
         <input_file_ref idref="fl-f1"/>
      </object_component>
      <object_component id="oc-3fd">
         <name>.text:strncpy</name>
         <load_address>0x2c00</load_address>
         <run_address>0x2c00</run_address>
         <size>0x36</size>
         <input_file_ref idref="fl-f9"/>
      </object_component>
      <object_component id="oc-328">
         <name>.text:__TI_cleanup</name>
         <load_address>0x2c38</load_address>
         <run_address>0x2c38</run_address>
         <size>0x34</size>
         <input_file_ref idref="fl-f2"/>
      </object_component>
      <object_component id="oc-3bd">
         <name>.text:__TI_readmsg</name>
         <load_address>0x2c6c</load_address>
         <run_address>0x2c6c</run_address>
         <size>0x34</size>
         <input_file_ref idref="fl-ef"/>
      </object_component>
      <object_component id="oc-403">
         <name>.text:finddevice</name>
         <load_address>0x2ca0</load_address>
         <run_address>0x2ca0</run_address>
         <size>0x30</size>
         <input_file_ref idref="fl-f6"/>
      </object_component>
      <object_component id="oc-228">
         <name>.text</name>
         <load_address>0x2cd0</load_address>
         <run_address>0x2cd0</run_address>
         <size>0x2e</size>
         <input_file_ref idref="fl-e2"/>
      </object_component>
      <object_component id="oc-3ac">
         <name>.text:unlink</name>
         <load_address>0x2d00</load_address>
         <run_address>0x2d00</run_address>
         <size>0x2c</size>
         <input_file_ref idref="fl-fa"/>
      </object_component>
      <object_component id="oc-314">
         <name>.text:lseek</name>
         <load_address>0x2d2c</load_address>
         <run_address>0x2d2c</run_address>
         <size>0x28</size>
         <input_file_ref idref="fl-e6"/>
      </object_component>
      <object_component id="oc-356">
         <name>.text:mremove</name>
         <load_address>0x2d54</load_address>
         <run_address>0x2d54</run_address>
         <size>0x28</size>
         <input_file_ref idref="fl-f1"/>
      </object_component>
      <object_component id="oc-296">
         <name>.text:write</name>
         <load_address>0x2d7c</load_address>
         <run_address>0x2d7c</run_address>
         <size>0x28</size>
         <input_file_ref idref="fl-d6"/>
      </object_component>
      <object_component id="oc-28a">
         <name>.text:memchr</name>
         <load_address>0x2da4</load_address>
         <run_address>0x2da4</run_address>
         <size>0x20</size>
         <input_file_ref idref="fl-d3"/>
      </object_component>
      <object_component id="oc-1a8">
         <name>.text:memccpy</name>
         <load_address>0x2dc4</load_address>
         <run_address>0x2dc4</run_address>
         <size>0x1c</size>
         <input_file_ref idref="fl-d2"/>
      </object_component>
      <object_component id="oc-41a">
         <name>.text:strcmp</name>
         <load_address>0x2de0</load_address>
         <run_address>0x2de0</run_address>
         <size>0x18</size>
         <input_file_ref idref="fl-f8"/>
      </object_component>
      <object_component id="oc-259">
         <name>.text:strchr</name>
         <load_address>0x2df8</load_address>
         <run_address>0x2df8</run_address>
         <size>0x16</size>
         <input_file_ref idref="fl-d4"/>
      </object_component>
      <object_component id="oc-2cc">
         <name>.text:copysign</name>
         <load_address>0x2e0e</load_address>
         <run_address>0x2e0e</run_address>
         <size>0x14</size>
         <input_file_ref idref="fl-db"/>
      </object_component>
      <object_component id="oc-3d1">
         <name>.text:strcpy</name>
         <load_address>0x2e22</load_address>
         <run_address>0x2e22</run_address>
         <size>0x14</size>
         <input_file_ref idref="fl-f4"/>
      </object_component>
      <object_component id="oc-179">
         <name>.text:strlen</name>
         <load_address>0x2e36</load_address>
         <run_address>0x2e36</run_address>
         <size>0x14</size>
         <input_file_ref idref="fl-d5"/>
      </object_component>
      <object_component id="oc-43">
         <name>.text:decompress:ZI:__TI_zero_init_nomemset:__TI_zero_init_nomemset</name>
         <load_address>0x2e4a</load_address>
         <run_address>0x2e4a</run_address>
         <size>0x12</size>
         <input_file_ref idref="fl-be"/>
      </object_component>
      <object_component id="oc-1ae">
         <name>.text:wcslen</name>
         <load_address>0x2e5c</load_address>
         <run_address>0x2e5c</run_address>
         <size>0x12</size>
         <input_file_ref idref="fl-da"/>
      </object_component>
      <object_component id="oc-1a">
         <name>.text:decompress:none:__TI_decompress_none</name>
         <load_address>0x2e6e</load_address>
         <run_address>0x2e6e</run_address>
         <size>0xe</size>
         <input_file_ref idref="fl-bf"/>
      </object_component>
      <object_component id="oc-67">
         <name>.text</name>
         <load_address>0x2e7c</load_address>
         <run_address>0x2e7c</run_address>
         <size>0xe</size>
         <input_file_ref idref="fl-3"/>
      </object_component>
      <object_component id="oc-1b4">
         <name>.text:__aeabi_errno_addr</name>
         <load_address>0x2e8c</load_address>
         <run_address>0x2e8c</run_address>
         <size>0x8</size>
         <input_file_ref idref="fl-d7"/>
      </object_component>
      <object_component id="oc-13f">
         <name>.text:_outc</name>
         <load_address>0x2e94</load_address>
         <run_address>0x2e94</run_address>
         <size>0x4</size>
         <input_file_ref idref="fl-c1"/>
      </object_component>
      <object_component id="oc-139">
         <name>.text:_outs</name>
         <load_address>0x2e98</load_address>
         <run_address>0x2e98</run_address>
         <size>0x4</size>
         <input_file_ref idref="fl-c1"/>
      </object_component>
      <object_component id="oc-91">
         <name>.text:_system_pre_init</name>
         <load_address>0x2e9c</load_address>
         <run_address>0x2e9c</run_address>
         <size>0x4</size>
         <input_file_ref idref="fl-c6"/>
      </object_component>
      <object_component id="oc-e1">
         <name>.text:abort:abort</name>
         <load_address>0x2ea0</load_address>
         <run_address>0x2ea0</run_address>
         <size>0x4</size>
         <input_file_ref idref="fl-c8"/>
      </object_component>
      <object_component id="oc-202">
         <name>.const:.string:_ctypes_</name>
         <load_address>0x2ea4</load_address>
         <run_address>0x2ea4</run_address>
         <size>0x101</size>
         <input_file_ref idref="fl-cd"/>
      </object_component>
      <object_component id="oc-458">
         <name>.cinit..data.load</name>
         <load_address>0x2fa8</load_address>
         <run_address>0x2fa8</run_address>
         <size>0x9d</size>
      </object_component>
      <object_component id="oc-456">
         <name>__TI_handler_table</name>
         <load_address>0x3048</load_address>
         <run_address>0x3048</run_address>
         <size>0xc</size>
      </object_component>
      <object_component id="oc-459">
         <name>.cinit..bss.load</name>
         <load_address>0x3058</load_address>
         <run_address>0x3058</run_address>
         <size>0x8</size>
      </object_component>
      <object_component id="oc-457">
         <name>__TI_cinit_table</name>
         <load_address>0x3060</load_address>
         <run_address>0x3060</run_address>
         <size>0x10</size>
      </object_component>
      <object_component id="oc-42b">
         <name>.binit</name>
         <load_address>0x0</load_address>
         <run_address>0x0</run_address>
         <size>0x0</size>
      </object_component>
      <object_component id="oc-dd">
         <name>.data</name>
         <load_address>0x200005b8</load_address>
         <run_address>0x200005b8</run_address>
         <size>0x3c</size>
         <input_file_ref idref="fl-2"/>
      </object_component>
      <object_component id="oc-11f">
         <name>.data</name>
         <load_address>0x20000628</load_address>
         <run_address>0x20000628</run_address>
         <size>0x4</size>
         <input_file_ref idref="fl-4"/>
      </object_component>
      <object_component id="oc-15b">
         <name>.data:$O1$$</name>
         <load_address>0x20000604</load_address>
         <run_address>0x20000604</run_address>
         <size>0xc</size>
         <input_file_ref idref="fl-c8"/>
      </object_component>
      <object_component id="oc-133">
         <name>.data:$O1$$</name>
         <load_address>0x2000061c</load_address>
         <run_address>0x2000061c</run_address>
         <size>0x8</size>
         <input_file_ref idref="fl-c9"/>
      </object_component>
      <object_component id="oc-136">
         <name>.data:_ftable</name>
         <load_address>0x20000400</load_address>
         <run_address>0x20000400</run_address>
         <size>0xf0</size>
         <input_file_ref idref="fl-ce"/>
      </object_component>
      <object_component id="oc-36d">
         <name>.data</name>
         <load_address>0x200005f4</load_address>
         <run_address>0x200005f4</run_address>
         <size>0x10</size>
         <input_file_ref idref="fl-ce"/>
      </object_component>
      <object_component id="oc-33b">
         <name>.data:_device</name>
         <load_address>0x200004f0</load_address>
         <run_address>0x200004f0</run_address>
         <size>0x78</size>
         <input_file_ref idref="fl-d6"/>
      </object_component>
      <object_component id="oc-2fa">
         <name>.data:_stream</name>
         <load_address>0x20000568</load_address>
         <run_address>0x20000568</run_address>
         <size>0x50</size>
         <input_file_ref idref="fl-d6"/>
      </object_component>
      <object_component id="oc-269">
         <name>.data</name>
         <load_address>0x20000624</load_address>
         <run_address>0x20000624</run_address>
         <size>0x4</size>
         <input_file_ref idref="fl-d7"/>
      </object_component>
      <object_component id="oc-362">
         <name>.data:$O1$$</name>
         <load_address>0x20000610</load_address>
         <run_address>0x20000610</run_address>
         <size>0xc</size>
         <input_file_ref idref="fl-f1"/>
      </object_component>
      <object_component id="oc-3e5">
         <name>.bss:_CIOBUF_</name>
         <uninitialized>true</uninitialized>
         <run_address>0x2000062c</run_address>
         <size>0x120</size>
         <input_file_ref idref="fl-ef"/>
      </object_component>
      <object_component id="oc-dc">
         <name>.common:adc</name>
         <uninitialized>true</uninitialized>
         <run_address>0x200007ec</run_address>
         <size>0x28</size>
      </object_component>
      <object_component id="oc-d9">
         <name>.common:i</name>
         <uninitialized>true</uninitialized>
         <run_address>0x2000081c</run_address>
         <size>0x4</size>
      </object_component>
      <object_component id="oc-3b2">
         <name>.common:__TI_tmpnams</name>
         <uninitialized>true</uninitialized>
         <run_address>0x2000074c</run_address>
         <size>0xa0</size>
      </object_component>
      <object_component id="oc-3c3">
         <name>.common:parmbuf</name>
         <uninitialized>true</uninitialized>
         <run_address>0x20000814</run_address>
         <size>0x8</size>
      </object_component>
      <object_component id="oc-29">
         <name>.sysmem</name>
         <uninitialized>true</uninitialized>
         <run_address>0x20000000</run_address>
         <size>0x8</size>
         <input_file_ref idref="fl-f1"/>
      </object_component>
      <object_component id="oc-45b">
         <name>.sysmem</name>
         <uninitialized>true</uninitialized>
         <run_address>0x20000000</run_address>
         <size>0x0</size>
      </object_component>
      <object_component id="oc-26">
         <name>.stack</name>
         <uninitialized>true</uninitialized>
         <run_address>0x2000fe00</run_address>
         <size>0x4</size>
         <input_file_ref idref="fl-c2"/>
      </object_component>
      <object_component id="oc-45a">
         <name>.stack</name>
         <uninitialized>true</uninitialized>
         <run_address>0x2000fe00</run_address>
         <size>0x0</size>
      </object_component>
      <object_component id="oc-da">
         <name>.debug_info</name>
         <load_address>0x0</load_address>
         <run_address>0x0</run_address>
         <size>0x61b</size>
         <input_file_ref idref="fl-2"/>
      </object_component>
      <object_component id="oc-de">
         <name>.debug_info</name>
         <load_address>0x61b</load_address>
         <run_address>0x61b</run_address>
         <size>0x418</size>
         <input_file_ref idref="fl-2"/>
      </object_component>
      <object_component id="oc-98">
         <name>.debug_info</name>
         <load_address>0xa33</load_address>
         <run_address>0xa33</run_address>
         <size>0xef</size>
         <input_file_ref idref="fl-2"/>
      </object_component>
      <object_component id="oc-14e">
         <name>.debug_info</name>
         <load_address>0xb22</load_address>
         <run_address>0xb22</run_address>
         <size>0x37e2</size>
         <input_file_ref idref="fl-2"/>
      </object_component>
      <object_component id="oc-b2">
         <name>.debug_info</name>
         <load_address>0x4304</load_address>
         <run_address>0x4304</run_address>
         <size>0x26b</size>
         <input_file_ref idref="fl-2"/>
      </object_component>
      <object_component id="oc-153">
         <name>.debug_info</name>
         <load_address>0x456f</load_address>
         <run_address>0x456f</run_address>
         <size>0x1055</size>
         <input_file_ref idref="fl-2"/>
      </object_component>
      <object_component id="oc-32">
         <name>.debug_info</name>
         <load_address>0x55c4</load_address>
         <run_address>0x55c4</run_address>
         <size>0x84</size>
         <input_file_ref idref="fl-2"/>
      </object_component>
      <object_component id="oc-128">
         <name>.debug_info</name>
         <load_address>0x5648</load_address>
         <run_address>0x5648</run_address>
         <size>0x297</size>
         <input_file_ref idref="fl-2"/>
      </object_component>
      <object_component id="oc-123">
         <name>.debug_info</name>
         <load_address>0x58df</load_address>
         <run_address>0x58df</run_address>
         <size>0xbb</size>
         <input_file_ref idref="fl-2"/>
      </object_component>
      <object_component id="oc-147">
         <name>.debug_info</name>
         <load_address>0x599a</load_address>
         <run_address>0x599a</run_address>
         <size>0x2c</size>
         <input_file_ref idref="fl-2"/>
      </object_component>
      <object_component id="oc-6f">
         <name>.debug_info</name>
         <load_address>0x59c6</load_address>
         <run_address>0x59c6</run_address>
         <size>0x2bd</size>
         <input_file_ref idref="fl-3"/>
      </object_component>
      <object_component id="oc-24">
         <name>.debug_info</name>
         <load_address>0x5c83</load_address>
         <run_address>0x5c83</run_address>
         <size>0xe9</size>
         <input_file_ref idref="fl-3"/>
      </object_component>
      <object_component id="oc-6a">
         <name>.debug_info</name>
         <load_address>0x5d6c</load_address>
         <run_address>0x5d6c</run_address>
         <size>0x1b0</size>
         <input_file_ref idref="fl-3"/>
      </object_component>
      <object_component id="oc-120">
         <name>.debug_info</name>
         <load_address>0x5f1c</load_address>
         <run_address>0x5f1c</run_address>
         <size>0xe2</size>
         <input_file_ref idref="fl-4"/>
      </object_component>
      <object_component id="oc-ad">
         <name>.debug_info</name>
         <load_address>0x5ffe</load_address>
         <run_address>0x5ffe</run_address>
         <size>0x254</size>
         <input_file_ref idref="fl-4"/>
      </object_component>
      <object_component id="oc-8a">
         <name>.debug_info</name>
         <load_address>0x6252</load_address>
         <run_address>0x6252</run_address>
         <size>0x313</size>
         <input_file_ref idref="fl-be"/>
      </object_component>
      <object_component id="oc-45">
         <name>.debug_info</name>
         <load_address>0x6565</load_address>
         <run_address>0x6565</run_address>
         <size>0x1b4</size>
         <input_file_ref idref="fl-be"/>
      </object_component>
      <object_component id="oc-85">
         <name>.debug_info</name>
         <load_address>0x6719</load_address>
         <run_address>0x6719</run_address>
         <size>0x46</size>
         <input_file_ref idref="fl-be"/>
      </object_component>
      <object_component id="oc-ca">
         <name>.debug_info</name>
         <load_address>0x675f</load_address>
         <run_address>0x675f</run_address>
         <size>0x2c</size>
         <input_file_ref idref="fl-be"/>
      </object_component>
      <object_component id="oc-42">
         <name>.debug_info</name>
         <load_address>0x678b</load_address>
         <run_address>0x678b</run_address>
         <size>0x29d</size>
         <input_file_ref idref="fl-bf"/>
      </object_component>
      <object_component id="oc-1e">
         <name>.debug_info</name>
         <load_address>0x6a28</load_address>
         <run_address>0x6a28</run_address>
         <size>0x1df</size>
         <input_file_ref idref="fl-bf"/>
      </object_component>
      <object_component id="oc-3d">
         <name>.debug_info</name>
         <load_address>0x6c07</load_address>
         <run_address>0x6c07</run_address>
         <size>0x46</size>
         <input_file_ref idref="fl-bf"/>
      </object_component>
      <object_component id="oc-7d">
         <name>.debug_info</name>
         <load_address>0x6c4d</load_address>
         <run_address>0x6c4d</run_address>
         <size>0x2c</size>
         <input_file_ref idref="fl-bf"/>
      </object_component>
      <object_component id="oc-7b">
         <name>.debug_info</name>
         <load_address>0x6c79</load_address>
         <run_address>0x6c79</run_address>
         <size>0x293</size>
         <input_file_ref idref="fl-c0"/>
      </object_component>
      <object_component id="oc-15">
         <name>.debug_info</name>
         <load_address>0x6f0c</load_address>
         <run_address>0x6f0c</run_address>
         <size>0x245</size>
         <input_file_ref idref="fl-c0"/>
      </object_component>
      <object_component id="oc-2d">
         <name>.debug_info</name>
         <load_address>0x7151</load_address>
         <run_address>0x7151</run_address>
         <size>0x60</size>
         <input_file_ref idref="fl-c0"/>
      </object_component>
      <object_component id="oc-c3">
         <name>.debug_info</name>
         <load_address>0x71b1</load_address>
         <run_address>0x71b1</run_address>
         <size>0x46</size>
         <input_file_ref idref="fl-c0"/>
      </object_component>
      <object_component id="oc-76">
         <name>.debug_info</name>
         <load_address>0x71f7</load_address>
         <run_address>0x71f7</run_address>
         <size>0x39</size>
         <input_file_ref idref="fl-c0"/>
      </object_component>
      <object_component id="oc-146">
         <name>.debug_info</name>
         <load_address>0x7230</load_address>
         <run_address>0x7230</run_address>
         <size>0x3da</size>
         <input_file_ref idref="fl-c1"/>
      </object_component>
      <object_component id="oc-140">
         <name>.debug_info</name>
         <load_address>0x760a</load_address>
         <run_address>0x760a</run_address>
         <size>0x14c</size>
         <input_file_ref idref="fl-c1"/>
      </object_component>
      <object_component id="oc-13a">
         <name>.debug_info</name>
         <load_address>0x7756</load_address>
         <run_address>0x7756</run_address>
         <size>0x15b</size>
         <input_file_ref idref="fl-c1"/>
      </object_component>
      <object_component id="oc-d7">
         <name>.debug_info</name>
         <load_address>0x78b1</load_address>
         <run_address>0x78b1</run_address>
         <size>0x1a1</size>
         <input_file_ref idref="fl-c1"/>
      </object_component>
      <object_component id="oc-1e4">
         <name>.debug_info</name>
         <load_address>0x7a52</load_address>
         <run_address>0x7a52</run_address>
         <size>0xb2</size>
         <input_file_ref idref="fl-c1"/>
      </object_component>
      <object_component id="oc-27">
         <name>.debug_info</name>
         <load_address>0x7b04</load_address>
         <run_address>0x7b04</run_address>
         <size>0x100</size>
         <input_file_ref idref="fl-c2"/>
      </object_component>
      <object_component id="oc-57">
         <name>.debug_info</name>
         <load_address>0x7c04</load_address>
         <run_address>0x7c04</run_address>
         <size>0x1a4</size>
         <input_file_ref idref="fl-c2"/>
      </object_component>
      <object_component id="oc-8d">
         <name>.debug_info</name>
         <load_address>0x7da8</load_address>
         <run_address>0x7da8</run_address>
         <size>0x13f</size>
         <input_file_ref idref="fl-c3"/>
      </object_component>
      <object_component id="oc-38">
         <name>.debug_info</name>
         <load_address>0x7ee7</load_address>
         <run_address>0x7ee7</run_address>
         <size>0x111</size>
         <input_file_ref idref="fl-c4"/>
      </object_component>
      <object_component id="oc-162">
         <name>.debug_info</name>
         <load_address>0x7ff8</load_address>
         <run_address>0x7ff8</run_address>
         <size>0x547</size>
         <input_file_ref idref="fl-c5"/>
      </object_component>
      <object_component id="oc-ef">
         <name>.debug_info</name>
         <load_address>0x853f</load_address>
         <run_address>0x853f</run_address>
         <size>0x19b</size>
         <input_file_ref idref="fl-c5"/>
      </object_component>
      <object_component id="oc-1ef">
         <name>.debug_info</name>
         <load_address>0x86da</load_address>
         <run_address>0x86da</run_address>
         <size>0x39</size>
         <input_file_ref idref="fl-c5"/>
      </object_component>
      <object_component id="oc-2a0">
         <name>.debug_info</name>
         <load_address>0x8713</load_address>
         <run_address>0x8713</run_address>
         <size>0x39</size>
         <input_file_ref idref="fl-c5"/>
      </object_component>
      <object_component id="oc-1f4">
         <name>.debug_info</name>
         <load_address>0x874c</load_address>
         <run_address>0x874c</run_address>
         <size>0x39</size>
         <input_file_ref idref="fl-c5"/>
      </object_component>
      <object_component id="oc-1f9">
         <name>.debug_info</name>
         <load_address>0x8785</load_address>
         <run_address>0x8785</run_address>
         <size>0xcd</size>
         <input_file_ref idref="fl-c5"/>
      </object_component>
      <object_component id="oc-95">
         <name>.debug_info</name>
         <load_address>0x8852</load_address>
         <run_address>0x8852</run_address>
         <size>0x148</size>
         <input_file_ref idref="fl-c6"/>
      </object_component>
      <object_component id="oc-15f">
         <name>.debug_info</name>
         <load_address>0x899a</load_address>
         <run_address>0x899a</run_address>
         <size>0x3a2</size>
         <input_file_ref idref="fl-c8"/>
      </object_component>
      <object_component id="oc-15c">
         <name>.debug_info</name>
         <load_address>0x8d3c</load_address>
         <run_address>0x8d3c</run_address>
         <size>0x185</size>
         <input_file_ref idref="fl-c8"/>
      </object_component>
      <object_component id="oc-e3">
         <name>.debug_info</name>
         <load_address>0x8ec1</load_address>
         <run_address>0x8ec1</run_address>
         <size>0x117</size>
         <input_file_ref idref="fl-c8"/>
      </object_component>
      <object_component id="oc-e9">
         <name>.debug_info</name>
         <load_address>0x8fd8</load_address>
         <run_address>0x8fd8</run_address>
         <size>0x179</size>
         <input_file_ref idref="fl-c8"/>
      </object_component>
      <object_component id="oc-1ce">
         <name>.debug_info</name>
         <load_address>0x9151</load_address>
         <run_address>0x9151</run_address>
         <size>0x2be</size>
         <input_file_ref idref="fl-c9"/>
      </object_component>
      <object_component id="oc-134">
         <name>.debug_info</name>
         <load_address>0x940f</load_address>
         <run_address>0x940f</run_address>
         <size>0x113</size>
         <input_file_ref idref="fl-c9"/>
      </object_component>
      <object_component id="oc-1c8">
         <name>.debug_info</name>
         <load_address>0x9522</load_address>
         <run_address>0x9522</run_address>
         <size>0x123</size>
         <input_file_ref idref="fl-c9"/>
      </object_component>
      <object_component id="oc-1bb">
         <name>.debug_info</name>
         <load_address>0x9645</load_address>
         <run_address>0x9645</run_address>
         <size>0x8a6</size>
         <input_file_ref idref="fl-ca"/>
      </object_component>
      <object_component id="oc-186">
         <name>.debug_info</name>
         <load_address>0x9eeb</load_address>
         <run_address>0x9eeb</run_address>
         <size>0x213</size>
         <input_file_ref idref="fl-ca"/>
      </object_component>
      <object_component id="oc-233">
         <name>.debug_info</name>
         <load_address>0xa0fe</load_address>
         <run_address>0xa0fe</run_address>
         <size>0x1a8</size>
         <input_file_ref idref="fl-ca"/>
      </object_component>
      <object_component id="oc-239">
         <name>.debug_info</name>
         <load_address>0xa2a6</load_address>
         <run_address>0xa2a6</run_address>
         <size>0x210</size>
         <input_file_ref idref="fl-ca"/>
      </object_component>
      <object_component id="oc-191">
         <name>.debug_info</name>
         <load_address>0xa4b6</load_address>
         <run_address>0xa4b6</run_address>
         <size>0x3b0</size>
         <input_file_ref idref="fl-ca"/>
      </object_component>
      <object_component id="oc-240">
         <name>.debug_info</name>
         <load_address>0xa866</load_address>
         <run_address>0xa866</run_address>
         <size>0x2fa</size>
         <input_file_ref idref="fl-ca"/>
      </object_component>
      <object_component id="oc-246">
         <name>.debug_info</name>
         <load_address>0xab60</load_address>
         <run_address>0xab60</run_address>
         <size>0x20a</size>
         <input_file_ref idref="fl-ca"/>
      </object_component>
      <object_component id="oc-197">
         <name>.debug_info</name>
         <load_address>0xad6a</load_address>
         <run_address>0xad6a</run_address>
         <size>0x20a</size>
         <input_file_ref idref="fl-ca"/>
      </object_component>
      <object_component id="oc-19d">
         <name>.debug_info</name>
         <load_address>0xaf74</load_address>
         <run_address>0xaf74</run_address>
         <size>0x2f9</size>
         <input_file_ref idref="fl-ca"/>
      </object_component>
      <object_component id="oc-1a3">
         <name>.debug_info</name>
         <load_address>0xb26d</load_address>
         <run_address>0xb26d</run_address>
         <size>0x4a5</size>
         <input_file_ref idref="fl-ca"/>
      </object_component>
      <object_component id="oc-12e">
         <name>.debug_info</name>
         <load_address>0xb712</load_address>
         <run_address>0xb712</run_address>
         <size>0x5cd</size>
         <input_file_ref idref="fl-ca"/>
      </object_component>
      <object_component id="oc-1bc">
         <name>.debug_info</name>
         <load_address>0xbcdf</load_address>
         <run_address>0xbcdf</run_address>
         <size>0x86</size>
         <input_file_ref idref="fl-ca"/>
      </object_component>
      <object_component id="oc-275">
         <name>.debug_info</name>
         <load_address>0xbd65</load_address>
         <run_address>0xbd65</run_address>
         <size>0x39</size>
         <input_file_ref idref="fl-ca"/>
      </object_component>
      <object_component id="oc-2e3">
         <name>.debug_info</name>
         <load_address>0xbd9e</load_address>
         <run_address>0xbd9e</run_address>
         <size>0xb6</size>
         <input_file_ref idref="fl-ca"/>
      </object_component>
      <object_component id="oc-27a">
         <name>.debug_info</name>
         <load_address>0xbe54</load_address>
         <run_address>0xbe54</run_address>
         <size>0x46</size>
         <input_file_ref idref="fl-ca"/>
      </object_component>
      <object_component id="oc-1c1">
         <name>.debug_info</name>
         <load_address>0xbe9a</load_address>
         <run_address>0xbe9a</run_address>
         <size>0x46</size>
         <input_file_ref idref="fl-ca"/>
      </object_component>
      <object_component id="oc-270">
         <name>.debug_info</name>
         <load_address>0xbee0</load_address>
         <run_address>0xbee0</run_address>
         <size>0x2c</size>
         <input_file_ref idref="fl-ca"/>
      </object_component>
      <object_component id="oc-206">
         <name>.debug_info</name>
         <load_address>0xbf0c</load_address>
         <run_address>0xbf0c</run_address>
         <size>0x2ae</size>
         <input_file_ref idref="fl-cc"/>
      </object_component>
      <object_component id="oc-183">
         <name>.debug_info</name>
         <load_address>0xc1ba</load_address>
         <run_address>0xc1ba</run_address>
         <size>0x171</size>
         <input_file_ref idref="fl-cc"/>
      </object_component>
      <object_component id="oc-2b0">
         <name>.debug_info</name>
         <load_address>0xc32b</load_address>
         <run_address>0xc32b</run_address>
         <size>0xee</size>
         <input_file_ref idref="fl-cd"/>
      </object_component>
      <object_component id="oc-203">
         <name>.debug_info</name>
         <load_address>0xc419</load_address>
         <run_address>0xc419</run_address>
         <size>0xfa</size>
         <input_file_ref idref="fl-cd"/>
      </object_component>
      <object_component id="oc-1d2">
         <name>.debug_info</name>
         <load_address>0xc513</load_address>
         <run_address>0xc513</run_address>
         <size>0x139</size>
         <input_file_ref idref="fl-ce"/>
      </object_component>
      <object_component id="oc-137">
         <name>.debug_info</name>
         <load_address>0xc64c</load_address>
         <run_address>0xc64c</run_address>
         <size>0xf7</size>
         <input_file_ref idref="fl-ce"/>
      </object_component>
      <object_component id="oc-36e">
         <name>.debug_info</name>
         <load_address>0xc743</load_address>
         <run_address>0xc743</run_address>
         <size>0x184</size>
         <input_file_ref idref="fl-ce"/>
      </object_component>
      <object_component id="oc-29f">
         <name>.debug_info</name>
         <load_address>0xc8c7</load_address>
         <run_address>0xc8c7</run_address>
         <size>0x378</size>
         <input_file_ref idref="fl-cf"/>
      </object_component>
      <object_component id="oc-1dc">
         <name>.debug_info</name>
         <load_address>0xcc3f</load_address>
         <run_address>0xcc3f</run_address>
         <size>0x1df</size>
         <input_file_ref idref="fl-cf"/>
      </object_component>
      <object_component id="oc-29d">
         <name>.debug_info</name>
         <load_address>0xce1e</load_address>
         <run_address>0xce1e</run_address>
         <size>0x3f1</size>
         <input_file_ref idref="fl-d0"/>
      </object_component>
      <object_component id="oc-1d5">
         <name>.debug_info</name>
         <load_address>0xd20f</load_address>
         <run_address>0xd20f</run_address>
         <size>0x2d7</size>
         <input_file_ref idref="fl-d0"/>
      </object_component>
      <object_component id="oc-2be">
         <name>.debug_info</name>
         <load_address>0xd4e6</load_address>
         <run_address>0xd4e6</run_address>
         <size>0x290</size>
         <input_file_ref idref="fl-d1"/>
      </object_component>
      <object_component id="oc-224">
         <name>.debug_info</name>
         <load_address>0xd776</load_address>
         <run_address>0xd776</run_address>
         <size>0x1c2</size>
         <input_file_ref idref="fl-d1"/>
      </object_component>
      <object_component id="oc-261">
         <name>.debug_info</name>
         <load_address>0xd938</load_address>
         <run_address>0xd938</run_address>
         <size>0x28b</size>
         <input_file_ref idref="fl-d2"/>
      </object_component>
      <object_component id="oc-1ac">
         <name>.debug_info</name>
         <load_address>0xdbc3</load_address>
         <run_address>0xdbc3</run_address>
         <size>0x1ab</size>
         <input_file_ref idref="fl-d2"/>
      </object_component>
      <object_component id="oc-2f7">
         <name>.debug_info</name>
         <load_address>0xdd6e</load_address>
         <run_address>0xdd6e</run_address>
         <size>0x29a</size>
         <input_file_ref idref="fl-d3"/>
      </object_component>
      <object_component id="oc-28d">
         <name>.debug_info</name>
         <load_address>0xe008</load_address>
         <run_address>0xe008</run_address>
         <size>0x242</size>
         <input_file_ref idref="fl-d3"/>
      </object_component>
      <object_component id="oc-2d5">
         <name>.debug_info</name>
         <load_address>0xe24a</load_address>
         <run_address>0xe24a</run_address>
         <size>0x28f</size>
         <input_file_ref idref="fl-d4"/>
      </object_component>
      <object_component id="oc-25c">
         <name>.debug_info</name>
         <load_address>0xe4d9</load_address>
         <run_address>0xe4d9</run_address>
         <size>0x247</size>
         <input_file_ref idref="fl-d4"/>
      </object_component>
      <object_component id="oc-201">
         <name>.debug_info</name>
         <load_address>0xe720</load_address>
         <run_address>0xe720</run_address>
         <size>0x284</size>
         <input_file_ref idref="fl-d5"/>
      </object_component>
      <object_component id="oc-17c">
         <name>.debug_info</name>
         <load_address>0xe9a4</load_address>
         <run_address>0xe9a4</run_address>
         <size>0x22a</size>
         <input_file_ref idref="fl-d5"/>
      </object_component>
      <object_component id="oc-2fe">
         <name>.debug_info</name>
         <load_address>0xebce</load_address>
         <run_address>0xebce</run_address>
         <size>0x4c5</size>
         <input_file_ref idref="fl-d6"/>
      </object_component>
      <object_component id="oc-33c">
         <name>.debug_info</name>
         <load_address>0xf093</load_address>
         <run_address>0xf093</run_address>
         <size>0xf8</size>
         <input_file_ref idref="fl-d6"/>
      </object_component>
      <object_component id="oc-2fb">
         <name>.debug_info</name>
         <load_address>0xf18b</load_address>
         <run_address>0xf18b</run_address>
         <size>0xf8</size>
         <input_file_ref idref="fl-d6"/>
      </object_component>
      <object_component id="oc-298">
         <name>.debug_info</name>
         <load_address>0xf283</load_address>
         <run_address>0xf283</run_address>
         <size>0x184</size>
         <input_file_ref idref="fl-d6"/>
      </object_component>
      <object_component id="oc-342">
         <name>.debug_info</name>
         <load_address>0xf407</load_address>
         <run_address>0xf407</run_address>
         <size>0x120</size>
         <input_file_ref idref="fl-d6"/>
      </object_component>
      <object_component id="oc-347">
         <name>.debug_info</name>
         <load_address>0xf527</load_address>
         <run_address>0xf527</run_address>
         <size>0x2c</size>
         <input_file_ref idref="fl-d6"/>
      </object_component>
      <object_component id="oc-26d">
         <name>.debug_info</name>
         <load_address>0xf553</load_address>
         <run_address>0xf553</run_address>
         <size>0x27e</size>
         <input_file_ref idref="fl-d7"/>
      </object_component>
      <object_component id="oc-26a">
         <name>.debug_info</name>
         <load_address>0xf7d1</load_address>
         <run_address>0xf7d1</run_address>
         <size>0x103</size>
         <input_file_ref idref="fl-d7"/>
      </object_component>
      <object_component id="oc-1b6">
         <name>.debug_info</name>
         <load_address>0xf8d4</load_address>
         <run_address>0xf8d4</run_address>
         <size>0x143</size>
         <input_file_ref idref="fl-d7"/>
      </object_component>
      <object_component id="oc-2c6">
         <name>.debug_info</name>
         <load_address>0xfa17</load_address>
         <run_address>0xfa17</run_address>
         <size>0x28f</size>
         <input_file_ref idref="fl-d8"/>
      </object_component>
      <object_component id="oc-24f">
         <name>.debug_info</name>
         <load_address>0xfca6</load_address>
         <run_address>0xfca6</run_address>
         <size>0x18a</size>
         <input_file_ref idref="fl-d8"/>
      </object_component>
      <object_component id="oc-30a">
         <name>.debug_info</name>
         <load_address>0xfe30</load_address>
         <run_address>0xfe30</run_address>
         <size>0x39</size>
         <input_file_ref idref="fl-d8"/>
      </object_component>
      <object_component id="oc-2c7">
         <name>.debug_info</name>
         <load_address>0xfe69</load_address>
         <run_address>0xfe69</run_address>
         <size>0x2c</size>
         <input_file_ref idref="fl-d8"/>
      </object_component>
      <object_component id="oc-2d3">
         <name>.debug_info</name>
         <load_address>0xfe95</load_address>
         <run_address>0xfe95</run_address>
         <size>0x2f2</size>
         <input_file_ref idref="fl-d9"/>
      </object_component>
      <object_component id="oc-256">
         <name>.debug_info</name>
         <load_address>0x10187</load_address>
         <run_address>0x10187</run_address>
         <size>0x21a</size>
         <input_file_ref idref="fl-d9"/>
      </object_component>
      <object_component id="oc-268">
         <name>.debug_info</name>
         <load_address>0x103a1</load_address>
         <run_address>0x103a1</run_address>
         <size>0x284</size>
         <input_file_ref idref="fl-da"/>
      </object_component>
      <object_component id="oc-1b1">
         <name>.debug_info</name>
         <load_address>0x10625</load_address>
         <run_address>0x10625</run_address>
         <size>0x14f</size>
         <input_file_ref idref="fl-da"/>
      </object_component>
      <object_component id="oc-2d8">
         <name>.debug_info</name>
         <load_address>0x10774</load_address>
         <run_address>0x10774</run_address>
         <size>0x46</size>
         <input_file_ref idref="fl-da"/>
      </object_component>
      <object_component id="oc-263">
         <name>.debug_info</name>
         <load_address>0x107ba</load_address>
         <run_address>0x107ba</run_address>
         <size>0x39</size>
         <input_file_ref idref="fl-da"/>
      </object_component>
      <object_component id="oc-2cd">
         <name>.debug_info</name>
         <load_address>0x107f3</load_address>
         <run_address>0x107f3</run_address>
         <size>0x156</size>
         <input_file_ref idref="fl-db"/>
      </object_component>
      <object_component id="oc-20a">
         <name>.debug_info</name>
         <load_address>0x10949</load_address>
         <run_address>0x10949</run_address>
         <size>0x12c</size>
         <input_file_ref idref="fl-dc"/>
      </object_component>
      <object_component id="oc-22e">
         <name>.debug_info</name>
         <load_address>0x10a75</load_address>
         <run_address>0x10a75</run_address>
         <size>0x144</size>
         <input_file_ref idref="fl-dd"/>
      </object_component>
      <object_component id="oc-18c">
         <name>.debug_info</name>
         <load_address>0x10bb9</load_address>
         <run_address>0x10bb9</run_address>
         <size>0x120</size>
         <input_file_ref idref="fl-de"/>
      </object_component>
      <object_component id="oc-219">
         <name>.debug_info</name>
         <load_address>0x10cd9</load_address>
         <run_address>0x10cd9</run_address>
         <size>0x122</size>
         <input_file_ref idref="fl-de"/>
      </object_component>
      <object_component id="oc-215">
         <name>.debug_info</name>
         <load_address>0x10dfb</load_address>
         <run_address>0x10dfb</run_address>
         <size>0x132</size>
         <input_file_ref idref="fl-df"/>
      </object_component>
      <object_component id="oc-20f">
         <name>.debug_info</name>
         <load_address>0x10f2d</load_address>
         <run_address>0x10f2d</run_address>
         <size>0x132</size>
         <input_file_ref idref="fl-e0"/>
      </object_component>
      <object_component id="oc-21f">
         <name>.debug_info</name>
         <load_address>0x1105f</load_address>
         <run_address>0x1105f</run_address>
         <size>0x126</size>
         <input_file_ref idref="fl-e1"/>
      </object_component>
      <object_component id="oc-229">
         <name>.debug_info</name>
         <load_address>0x11185</load_address>
         <run_address>0x11185</run_address>
         <size>0x124</size>
         <input_file_ref idref="fl-e2"/>
      </object_component>
      <object_component id="oc-2f5">
         <name>.debug_info</name>
         <load_address>0x112a9</load_address>
         <run_address>0x112a9</run_address>
         <size>0x2f5</size>
         <input_file_ref idref="fl-e3"/>
      </object_component>
      <object_component id="oc-286">
         <name>.debug_info</name>
         <load_address>0x1159e</load_address>
         <run_address>0x1159e</run_address>
         <size>0x191</size>
         <input_file_ref idref="fl-e3"/>
      </object_component>
      <object_component id="oc-330">
         <name>.debug_info</name>
         <load_address>0x1172f</load_address>
         <run_address>0x1172f</run_address>
         <size>0xbf</size>
         <input_file_ref idref="fl-e3"/>
      </object_component>
      <object_component id="oc-2f9">
         <name>.debug_info</name>
         <load_address>0x117ee</load_address>
         <run_address>0x117ee</run_address>
         <size>0x33c</size>
         <input_file_ref idref="fl-e4"/>
      </object_component>
      <object_component id="oc-292">
         <name>.debug_info</name>
         <load_address>0x11b2a</load_address>
         <run_address>0x11b2a</run_address>
         <size>0x17f</size>
         <input_file_ref idref="fl-e4"/>
      </object_component>
      <object_component id="oc-31b">
         <name>.debug_info</name>
         <load_address>0x11ca9</load_address>
         <run_address>0x11ca9</run_address>
         <size>0x319</size>
         <input_file_ref idref="fl-e5"/>
      </object_component>
      <object_component id="oc-2ec">
         <name>.debug_info</name>
         <load_address>0x11fc2</load_address>
         <run_address>0x11fc2</run_address>
         <size>0x1e1</size>
         <input_file_ref idref="fl-e5"/>
      </object_component>
      <object_component id="oc-34d">
         <name>.debug_info</name>
         <load_address>0x121a3</load_address>
         <run_address>0x121a3</run_address>
         <size>0x38c</size>
         <input_file_ref idref="fl-e6"/>
      </object_component>
      <object_component id="oc-315">
         <name>.debug_info</name>
         <load_address>0x1252f</load_address>
         <run_address>0x1252f</run_address>
         <size>0x18a</size>
         <input_file_ref idref="fl-e6"/>
      </object_component>
      <object_component id="oc-32f">
         <name>.debug_info</name>
         <load_address>0x126b9</load_address>
         <run_address>0x126b9</run_address>
         <size>0x369</size>
         <input_file_ref idref="fl-e7"/>
      </object_component>
      <object_component id="oc-2ef">
         <name>.debug_info</name>
         <load_address>0x12a22</load_address>
         <run_address>0x12a22</run_address>
         <size>0x200</size>
         <input_file_ref idref="fl-e7"/>
      </object_component>
      <object_component id="oc-3c8">
         <name>.debug_info</name>
         <load_address>0x12c22</load_address>
         <run_address>0x12c22</run_address>
         <size>0x368</size>
         <input_file_ref idref="fl-e8"/>
      </object_component>
      <object_component id="oc-37a">
         <name>.debug_info</name>
         <load_address>0x12f8a</load_address>
         <run_address>0x12f8a</run_address>
         <size>0x1b1</size>
         <input_file_ref idref="fl-e8"/>
      </object_component>
      <object_component id="oc-3ce">
         <name>.debug_info</name>
         <load_address>0x1313b</load_address>
         <run_address>0x1313b</run_address>
         <size>0x36d</size>
         <input_file_ref idref="fl-e9"/>
      </object_component>
      <object_component id="oc-38d">
         <name>.debug_info</name>
         <load_address>0x134a8</load_address>
         <run_address>0x134a8</run_address>
         <size>0x205</size>
         <input_file_ref idref="fl-e9"/>
      </object_component>
      <object_component id="oc-3c4">
         <name>.debug_info</name>
         <load_address>0x136ad</load_address>
         <run_address>0x136ad</run_address>
         <size>0x398</size>
         <input_file_ref idref="fl-ea"/>
      </object_component>
      <object_component id="oc-374">
         <name>.debug_info</name>
         <load_address>0x13a45</load_address>
         <run_address>0x13a45</run_address>
         <size>0x201</size>
         <input_file_ref idref="fl-ea"/>
      </object_component>
      <object_component id="oc-3ca">
         <name>.debug_info</name>
         <load_address>0x13c46</load_address>
         <run_address>0x13c46</run_address>
         <size>0x36c</size>
         <input_file_ref idref="fl-eb"/>
      </object_component>
      <object_component id="oc-381">
         <name>.debug_info</name>
         <load_address>0x13fb2</load_address>
         <run_address>0x13fb2</run_address>
         <size>0x1f0</size>
         <input_file_ref idref="fl-eb"/>
      </object_component>
      <object_component id="oc-3d8">
         <name>.debug_info</name>
         <load_address>0x141a2</load_address>
         <run_address>0x141a2</run_address>
         <size>0x3ca</size>
         <input_file_ref idref="fl-ec"/>
      </object_component>
      <object_component id="oc-398">
         <name>.debug_info</name>
         <load_address>0x1456c</load_address>
         <run_address>0x1456c</run_address>
         <size>0x22b</size>
         <input_file_ref idref="fl-ec"/>
      </object_component>
      <object_component id="oc-3d0">
         <name>.debug_info</name>
         <load_address>0x14797</load_address>
         <run_address>0x14797</run_address>
         <size>0x38b</size>
         <input_file_ref idref="fl-ed"/>
      </object_component>
      <object_component id="oc-392">
         <name>.debug_info</name>
         <load_address>0x14b22</load_address>
         <run_address>0x14b22</run_address>
         <size>0x1bb</size>
         <input_file_ref idref="fl-ed"/>
      </object_component>
      <object_component id="oc-3cc">
         <name>.debug_info</name>
         <load_address>0x14cdd</load_address>
         <run_address>0x14cdd</run_address>
         <size>0x36d</size>
         <input_file_ref idref="fl-ee"/>
      </object_component>
      <object_component id="oc-388">
         <name>.debug_info</name>
         <load_address>0x1504a</load_address>
         <run_address>0x1504a</run_address>
         <size>0x1f5</size>
         <input_file_ref idref="fl-ee"/>
      </object_component>
      <object_component id="oc-3e9">
         <name>.debug_info</name>
         <load_address>0x1523f</load_address>
         <run_address>0x1523f</run_address>
         <size>0x2b0</size>
         <input_file_ref idref="fl-ef"/>
      </object_component>
      <object_component id="oc-3e6">
         <name>.debug_info</name>
         <load_address>0x154ef</load_address>
         <run_address>0x154ef</run_address>
         <size>0xfd</size>
         <input_file_ref idref="fl-ef"/>
      </object_component>
      <object_component id="oc-3b9">
         <name>.debug_info</name>
         <load_address>0x155ec</load_address>
         <run_address>0x155ec</run_address>
         <size>0x1d4</size>
         <input_file_ref idref="fl-ef"/>
      </object_component>
      <object_component id="oc-3be">
         <name>.debug_info</name>
         <load_address>0x157c0</load_address>
         <run_address>0x157c0</run_address>
         <size>0x18f</size>
         <input_file_ref idref="fl-ef"/>
      </object_component>
      <object_component id="oc-2b6">
         <name>.debug_info</name>
         <load_address>0x1594f</load_address>
         <run_address>0x1594f</run_address>
         <size>0x10d</size>
         <input_file_ref idref="fl-f0"/>
      </object_component>
      <object_component id="oc-74">
[...]
         <value>0x2199</value>
         <object_component_ref idref="oc-8b"/>
      </symbol>
      <symbol id="sm-19e">
         <name>__aeabi_memclr</name>
         <value>0x2199</value>
         <object_component_ref idref="oc-8b"/>
      </symbol>
      <symbol id="sm-1b9">
         <name>memcpy</name>
         <value>0x1ecf</value>
         <object_component_ref idref="oc-37"/>
      </symbol>
      <symbol id="sm-1ba">
         <name>__aeabi_memcpy</name>
         <value>0x1ecf</value>
         <object_component_ref idref="oc-37"/>
      </symbol>
      <symbol id="sm-1bb">
         <name>__aeabi_memcpy8</name>
         <value>0x1ecf</value>
         <object_component_ref idref="oc-37"/>
      </symbol>
      <symbol id="sm-1bc">
         <name>__aeabi_memcpy4</name>
         <value>0x1ecf</value>
         <object_component_ref idref="oc-37"/>
      </symbol>
      <symbol id="sm-1e4">
         <name>__TI_auto_init_nobinit_nopinit</name>
         <value>0x2a55</value>
         <object_component_ref idref="oc-ed"/>
      </symbol>
      <symbol id="sm-1ee">
         <name>_system_pre_init</name>
         <value>0x2e9d</value>
         <object_component_ref idref="oc-91"/>
      </symbol>
      <symbol id="sm-215">
         <name>C$$EXIT</name>
         <value>0x2ea1</value>
         <object_component_ref idref="oc-e1"/>
      </symbol>
      <symbol id="sm-216">
         <name>abort</name>
         <value>0x2ea1</value>
         <object_component_ref idref="oc-e1"/>
      </symbol>
      <symbol id="sm-217">
         <name>__TI_dtors_ptr</name>
         <value>0x20000608</value>
         <object_component_ref idref="oc-15b"/>
      </symbol>
      <symbol id="sm-218">
         <name>__TI_cleanup_ptr</name>
         <value>0x20000604</value>
         <object_component_ref idref="oc-15b"/>
      </symbol>
      <symbol id="sm-219">
         <name>__TI_enable_exit_profile_output</name>
         <value>0x2000060c</value>
         <object_component_ref idref="oc-15b"/>
      </symbol>
      <symbol id="sm-21a">
         <name>exit</name>
         <value>0x293d</value>
         <object_component_ref idref="oc-e7"/>
      </symbol>
      <symbol id="sm-22f">
         <name>_nop</name>
         <value>0xb43</value>
         <object_component_ref idref="oc-1c6"/>
      </symbol>
      <symbol id="sm-230">
         <name>_lock</name>
         <value>0x2000061c</value>
         <object_component_ref idref="oc-133"/>
      </symbol>
      <symbol id="sm-231">
         <name>_unlock</name>
         <value>0x20000620</value>
         <object_component_ref idref="oc-133"/>
      </symbol>
      <symbol id="sm-39b">
         <name>__TI_printfi</name>
         <value>0xe5</value>
         <object_component_ref idref="oc-12d"/>
      </symbol>
      <symbol id="sm-3b2">
         <name>atoi</name>
         <value>0x28f1</value>
         <object_component_ref idref="oc-17f"/>
      </symbol>
      <symbol id="sm-3bd">
         <name>_ctypes_</name>
         <value>0x2ea4</value>
         <object_component_ref idref="oc-202"/>
      </symbol>
      <symbol id="sm-3d2">
         <name>__TI_tmpnams</name>
         <value>0x2000074c</value>
      </symbol>
      <symbol id="sm-3d3">
         <name>__aeabi_stdout</name>
         <value>0x200005fc</value>
         <object_component_ref idref="oc-36d"/>
      </symbol>
      <symbol id="sm-3d4">
         <name>__aeabi_stderr</name>
         <value>0x20000600</value>
         <object_component_ref idref="oc-36d"/>
      </symbol>
      <symbol id="sm-3d5">
         <name>__aeabi_stdin</name>
         <value>0x200005f8</value>
         <object_component_ref idref="oc-36d"/>
      </symbol>
      <symbol id="sm-3d6">
         <name>_ftable</name>
         <value>0x20000400</value>
         <object_component_ref idref="oc-136"/>
      </symbol>
      <symbol id="sm-3d7">
         <name>__TI_ft_end</name>
         <value>0x200005f4</value>
         <object_component_ref idref="oc-36d"/>
      </symbol>
      <symbol id="sm-3ec">
         <name>putc</name>
         <value>0x2001</value>
         <object_component_ref idref="oc-1db"/>
      </symbol>
      <symbol id="sm-3ed">
         <name>fputc</name>
         <value>0x2001</value>
         <object_component_ref idref="oc-1db"/>
      </symbol>
      <symbol id="sm-40b">
         <name>fputs</name>
         <value>0x1949</value>
         <object_component_ref idref="oc-1d4"/>
      </symbol>
      <symbol id="sm-41a">
         <name>ltoa</name>
         <value>0x27ff</value>
         <object_component_ref idref="oc-222"/>
      </symbol>
      <symbol id="sm-42a">
         <name>memccpy</name>
         <value>0x2dc5</value>
         <object_component_ref idref="oc-1a8"/>
      </symbol>
      <symbol id="sm-43a">
         <name>memchr</name>
         <value>0x2da5</value>
         <object_component_ref idref="oc-28a"/>
      </symbol>
      <symbol id="sm-44a">
         <name>strchr</name>
         <value>0x2df9</value>
         <object_component_ref idref="oc-259"/>
      </symbol>
      <symbol id="sm-458">
         <name>strlen</name>
         <value>0x2e37</value>
         <object_component_ref idref="oc-179"/>
      </symbol>
      <symbol id="sm-47e">
         <name>_stream</name>
         <value>0x20000568</value>
         <object_component_ref idref="oc-2fa"/>
      </symbol>
      <symbol id="sm-47f">
         <name>_device</name>
         <value>0x200004f0</value>
         <object_component_ref idref="oc-33b"/>
      </symbol>
      <symbol id="sm-480">
         <name>write</name>
         <value>0x2d7d</value>
         <object_component_ref idref="oc-296"/>
      </symbol>
      <symbol id="sm-496">
         <name>__aeabi_errno_addr</name>
         <value>0x2e8d</value>
         <object_component_ref idref="oc-1b4"/>
      </symbol>
      <symbol id="sm-497">
         <name>errno</name>
         <value>0x20000624</value>
         <object_component_ref idref="oc-269"/>
      </symbol>
      <symbol id="sm-4b7">
         <name>frexpl</name>
         <value>0x2511</value>
         <object_component_ref idref="oc-24d"/>
      </symbol>
      <symbol id="sm-4b8">
         <name>frexp</name>
         <value>0x2511</value>
         <object_component_ref idref="oc-24d"/>
      </symbol>
      <symbol id="sm-4d5">
         <name>scalbn</name>
         <value>0x1a5d</value>
         <object_component_ref idref="oc-253"/>
      </symbol>
      <symbol id="sm-4d6">
         <name>scalbnl</name>
         <value>0x1a5d</value>
         <object_component_ref idref="oc-253"/>
      </symbol>
      <symbol id="sm-4d7">
         <name>ldexpl</name>
         <value>0x1a5d</value>
         <object_component_ref idref="oc-253"/>
      </symbol>
      <symbol id="sm-4d8">
         <name>ldexp</name>
         <value>0x1a5d</value>
         <object_component_ref idref="oc-253"/>
      </symbol>
      <symbol id="sm-4f1">
         <name>wcslen</name>
         <value>0x2e5d</value>
         <object_component_ref idref="oc-1ae"/>
      </symbol>
      <symbol id="sm-4fb">
         <name>copysign</name>
         <value>0x2e0f</value>
         <object_component_ref idref="oc-2cc"/>
      </symbol>
      <symbol id="sm-4fc">
         <name>copysignl</name>
         <value>0x2e0f</value>
         <object_component_ref idref="oc-2cc"/>
      </symbol>
      <symbol id="sm-509">
         <name>__aeabi_uldivmod</name>
         <value>0x1f6b</value>
         <object_component_ref idref="oc-207"/>
      </symbol>
      <symbol id="sm-520">
         <name>__aeabi_dsub</name>
         <value>0x12b9</value>
         <object_component_ref idref="oc-22d"/>
      </symbol>
      <symbol id="sm-521">
         <name>__aeabi_dadd</name>
         <value>0x12c3</value>
         <object_component_ref idref="oc-22d"/>
      </symbol>
      <symbol id="sm-543">
         <name>__aeabi_cdcmpeq</name>
         <value>0x208d</value>
         <object_component_ref idref="oc-18b"/>
      </symbol>
      <symbol id="sm-544">
         <name>__aeabi_cdcmple</name>
         <value>0x208d</value>
         <object_component_ref idref="oc-18b"/>
      </symbol>
      <symbol id="sm-545">
         <name>__aeabi_cdrcmple</name>
         <value>0x2113</value>
         <object_component_ref idref="oc-218"/>
      </symbol>
      <symbol id="sm-559">
         <name>__aeabi_ddiv</name>
         <value>0x16f1</value>
         <object_component_ref idref="oc-213"/>
      </symbol>
      <symbol id="sm-564">
         <name>__aeabi_dmul</name>
         <value>0x1b6d</value>
         <object_component_ref idref="oc-20e"/>
      </symbol>
      <symbol id="sm-56e">
         <name>__aeabi_d2iz</name>
         <value>0x2985</value>
         <object_component_ref idref="oc-21d"/>
      </symbol>
      <symbol id="sm-578">
         <name>__aeabi_i2d</name>
         <value>0x2cd1</value>
         <object_component_ref idref="oc-228"/>
      </symbol>
      <symbol id="sm-590">
         <name>__TI_wrt_ok</name>
         <value>0x25d9</value>
         <object_component_ref idref="oc-284"/>
      </symbol>
      <symbol id="sm-5a0">
         <name>__TI_doflush</name>
         <value>0x28a5</value>
         <object_component_ref idref="oc-290"/>
      </symbol>
      <symbol id="sm-5b2">
         <name>fseek</name>
         <value>0x2575</value>
         <object_component_ref idref="oc-2e8"/>
      </symbol>
      <symbol id="sm-5c2">
         <name>lseek</name>
         <value>0x2d2d</value>
         <object_component_ref idref="oc-314"/>
      </symbol>
      <symbol id="sm-5de">
         <name>setvbuf</name>
         <value>0x1c69</value>
         <object_component_ref idref="oc-2ee"/>
      </symbol>
      <symbol id="sm-5ef">
         <name>HOSTclose</name>
         <value>0x29cd</value>
         <object_component_ref idref="oc-379"/>
      </symbol>
      <symbol id="sm-600">
         <name>HOSTlseek</name>
         <value>0x2371</value>
         <object_component_ref idref="oc-38b"/>
      </symbol>
      <symbol id="sm-612">
         <name>parmbuf</name>
         <value>0x20000814</value>
      </symbol>
      <symbol id="sm-613">
         <name>HOSTopen</name>
         <value>0x263d</value>
         <object_component_ref idref="oc-373"/>
      </symbol>
      <symbol id="sm-624">
         <name>HOSTread</name>
         <value>0x26f9</value>
         <object_component_ref idref="oc-37f"/>
      </symbol>
      <symbol id="sm-635">
         <name>HOSTrename</name>
         <value>0x23d9</value>
         <object_component_ref idref="oc-397"/>
      </symbol>
      <symbol id="sm-646">
         <name>HOSTunlink</name>
         <value>0x2a11</value>
         <object_component_ref idref="oc-391"/>
      </symbol>
      <symbol id="sm-657">
         <name>HOSTwrite</name>
         <value>0x2751</value>
         <object_component_ref idref="oc-385"/>
      </symbol>
      <symbol id="sm-67b">
         <name>__TI_readmsg</name>
         <value>0x2c6d</value>
         <object_component_ref idref="oc-3bd"/>
      </symbol>
      <symbol id="sm-67c">
         <name>C$$IO$$</name>
         <value>0x2b87</value>
         <object_component_ref idref="oc-3b7"/>
      </symbol>
      <symbol id="sm-67d">
         <name>__CIOBUF_</name>
         <value>0x2000062c</value>
         <object_component_ref idref="oc-3e5"/>
      </symbol>
      <symbol id="sm-67e">
         <name>__TI_writemsg</name>
         <value>0x2b59</value>
         <object_component_ref idref="oc-3b7"/>
      </symbol>
      <symbol id="sm-688">
         <name>__aeabi_idiv0</name>
         <value>0x146f</value>
         <object_component_ref idref="oc-2b3"/>
      </symbol>
      <symbol id="sm-689">
         <name>__aeabi_ldiv0</name>
         <value>0x146f</value>
         <object_component_ref idref="oc-2b3"/>
      </symbol>
      <symbol id="sm-704">
         <name>_sys_memory</name>
         <value>0x20000000</value>
         <object_component_ref idref="oc-29"/>
      </symbol>
      <symbol id="sm-705">
         <name>free</name>
         <value>0x1d45</value>
         <object_component_ref idref="oc-31c"/>
      </symbol>
      <symbol id="sm-706">
         <name>malloc</name>
         <value>0x2215</value>
         <object_component_ref idref="oc-322"/>
      </symbol>
      <symbol id="sm-707">
         <name>minit</name>
         <value>0x2bc9</value>
         <object_component_ref idref="oc-350"/>
      </symbol>
      <symbol id="sm-717">
         <name>__TI_cleanup</name>
         <value>0x2c39</value>
         <object_component_ref idref="oc-328"/>
      </symbol>
      <symbol id="sm-726">
         <name>strcpy</name>
         <value>0x2e23</value>
         <object_component_ref idref="oc-3d1"/>
      </symbol>
      <symbol id="sm-73b">
         <name>__TI_closefile</name>
         <value>0x228d</value>
         <object_component_ref idref="oc-367"/>
      </symbol>
      <symbol id="sm-75e">
         <name>finddevice</name>
         <value>0x2ca1</value>
         <object_component_ref idref="oc-403"/>
      </symbol>
      <symbol id="sm-75f">
         <name>getdevice</name>
         <value>0x2a99</value>
         <object_component_ref idref="oc-3db"/>
      </symbol>
      <symbol id="sm-76f">
         <name>strcmp</name>
         <value>0x2de1</value>
         <object_component_ref idref="oc-41a"/>
      </symbol>
      <symbol id="sm-77f">
         <name>strncpy</name>
         <value>0x2c01</value>
         <object_component_ref idref="oc-3fd"/>
      </symbol>
      <symbol id="sm-78f">
         <name>unlink</name>
         <value>0x2d01</value>
         <object_component_ref idref="oc-3ac"/>
      </symbol>
      <symbol id="sm-7a3">
         <name>close</name>
         <value>0x269d</value>
         <object_component_ref idref="oc-3a6"/>
      </symbol>
      <symbol id="sm-7a4">
         <name>__TI_static_base__</name>
         <value>0x0</value>
      </symbol>
      <symbol id="sm-7a7">
         <name>__mpu_init</name>
         <value>0x0</value>
      </symbol>
      <symbol id="sm-7a8">
         <name>_system_post_cinit</name>
         <value>0x0</value>
      </symbol>
      <symbol id="sm-7a9">
         <name>NMI_Handler</name>
         <value>0x2e89</value>
      </symbol>
      <symbol id="sm-7aa">
         <name>HardFault_Handler</name>
         <value>0x2e89</value>
      </symbol>
      <symbol id="sm-7ab">
         <name>MemManage_Handler</name>
         <value>0x2e89</value>
      </symbol>
      <symbol id="sm-7ac">
         <name>BusFault_Handler</name>
         <value>0x2e89</value>
      </symbol>
      <symbol id="sm-7ad">
         <name>UsageFault_Handler</name>
         <value>0x2e89</value>
      </symbol>
      <symbol id="sm-7ae">
         <name>SVC_Handler</name>
         <value>0x2e89</value>
      </symbol>
      <symbol id="sm-7af">
         <name>DebugMon_Handler</name>
         <value>0x2e89</value>
      </symbol>
      <symbol id="sm-7b0">
         <name>PendSV_Handler</name>
         <value>0x2e89</value>
      </symbol>
      <symbol id="sm-7b1">
         <name>SysTick_Handler</name>
         <value>0x2e89</value>
      </symbol>
      <symbol id="sm-7b2">
         <name>PSS_IRQHandler</name>
         <value>0x2e89</value>
      </symbol>
      <symbol id="sm-7b3">
         <name>CS_IRQHandler</name>
         <value>0x2e89</value>
      </symbol>
      <symbol id="sm-7b4">
         <name>PCM_IRQHandler</name>
         <value>0x2e89</value>
      </symbol>
      <symbol id="sm-7b5">
         <name>WDT_A_IRQHandler</name>
         <value>0x2e89</value>
      </symbol>
      <symbol id="sm-7b6">
         <name>FPU_IRQHandler</name>
         <value>0x2e89</value>
      </symbol>
      <symbol id="sm-7b7">
         <name>FLCTL_IRQHandler</name>
         <value>0x2e89</value>
      </symbol>
      <symbol id="sm-7b8">
         <name>COMP_E0_IRQHandler</name>
         <value>0x2e89</value>
      </symbol>
      <symbol id="sm-7b9">
         <name>COMP_E1_IRQHandler</name>
         <value>0x2e89</value>
      </symbol>
      <symbol id="sm-7ba">
         <name>TA0_0_IRQHandler</name>
         <value>0x2e89</value>
      </symbol>
      <symbol id="sm-7bb">
         <name>TA0_N_IRQHandler</name>
         <value>0x2e89</value>
      </symbol>
      <symbol id="sm-7bc">
         <name>TA1_0_IRQHandler</name>
         <value>0x2e89</value>
      </symbol>
      <symbol id="sm-7bd">
         <name>TA1_N_IRQHandler</name>
         <value>0x2e89</value>
      </symbol>
      <symbol id="sm-7be">
         <name>TA2_0_IRQHandler</name>
         <value>0x2e89</value>
      </symbol>
      <symbol id="sm-7bf">
         <name>TA2_N_IRQHandler</name>
         <value>0x2e89</value>
      </symbol>
      <symbol id="sm-7c0">
         <name>TA3_0_IRQHandler</name>
         <value>0x2e89</value>
      </symbol>
      <symbol id="sm-7c1">
         <name>TA3_N_IRQHandler</name>
         <value>0x2e89</value>
      </symbol>
      <symbol id="sm-7c2">
         <name>EUSCIA0_IRQHandler</name>
         <value>0x2e89</value>
      </symbol>
      <symbol id="sm-7c3">
         <name>EUSCIA1_IRQHandler</name>
         <value>0x2e89</value>
      </symbol>
      <symbol id="sm-7c4">
         <name>EUSCIA2_IRQHandler</name>
         <value>0x2e89</value>
      </symbol>
      <symbol id="sm-7c5">
         <name>EUSCIA3_IRQHandler</name>
         <value>0x2e89</value>
      </symbol>
      <symbol id="sm-7c6">
         <name>EUSCIB0_IRQHandler</name>
         <value>0x2e89</value>
      </symbol>
      <symbol id="sm-7c7">
         <name>EUSCIB1_IRQHandler</name>
         <value>0x2e89</value>
      </symbol>
      <symbol id="sm-7c8">
         <name>EUSCIB2_IRQHandler</name>
         <value>0x2e89</value>
      </symbol>
      <symbol id="sm-7c9">
         <name>EUSCIB3_IRQHandler</name>
         <value>0x2e89</value>
      </symbol>
      <symbol id="sm-7ca">
         <name>ADC14_IRQHandler</name>
         <value>0x2e89</value>
      </symbol>
      <symbol id="sm-7cb">
         <name>T32_INT1_IRQHandler</name>
         <value>0x2e89</value>
      </symbol>
      <symbol id="sm-7cc">
         <name>T32_INT2_IRQHandler</name>
         <value>0x2e89</value>
      </symbol>
      <symbol id="sm-7cd">
         <name>T32_INTC_IRQHandler</name>
         <value>0x2e89</value>
      </symbol>
      <symbol id="sm-7ce">
         <name>AES256_IRQHandler</name>
         <value>0x2e89</value>
      </symbol>
      <symbol id="sm-7cf">
         <name>RTC_C_IRQHandler</name>
         <value>0x2e89</value>
      </symbol>
      <symbol id="sm-7d0">
         <name>DMA_ERR_IRQHandler</name>
         <value>0x2e89</value>
      </symbol>
      <symbol id="sm-7d1">
         <name>DMA_INT3_IRQHandler</name>
         <value>0x2e89</value>
      </symbol>
      <symbol id="sm-7d2">
         <name>DMA_INT2_IRQHandler</name>
         <value>0x2e89</value>
      </symbol>
      <symbol id="sm-7d3">
         <name>DMA_INT1_IRQHandler</name>
         <value>0x2e89</value>
      </symbol>
      <symbol id="sm-7d4">
         <name>DMA_INT0_IRQHandler</name>
         <value>0x2e89</value>
      </symbol>
      <symbol id="sm-7d5">
         <name>PORT1_IRQHandler</name>
         <value>0x2e89</value>
      </symbol>
      <symbol id="sm-7d6">
         <name>PORT2_IRQHandler</name>
         <value>0x2e89</value>
      </symbol>
      <symbol id="sm-7d7">
         <name>PORT3_IRQHandler</name>
         <value>0x2e89</value>
      </symbol>
      <symbol id="sm-7d8">
         <name>PORT4_IRQHandler</name>
         <value>0x2e89</value>
      </symbol>
      <symbol id="sm-7d9">
         <name>PORT5_IRQHandler</name>
         <value>0x2e89</value>
      </symbol>
      <symbol id="sm-7da">
         <name>PORT6_IRQHandler</name>
         <value>0x2e89</value>
      </symbol>
      <symbol id="sm-7db">
         <name>remove</name>
         <value>0x2d01</value>
      </symbol>
   </symbol_table>
   <title>Link successful</title>
</link_info>
